Archive member included to satisfy reference by file (symbol)

C:/ENVIRO~1/ARM-NO~1/133167~1.3RE/bin/../lib/gcc/arm-none-eabi/13.3.1/thumb/v7-m/nofp\libgcc.a(_arm_muldf3.o)
                              CMakeFiles/project1.elf.dir/Core/Src/OLED.c.obj (__aeabi_dmul)
C:/ENVIRO~1/ARM-NO~1/133167~1.3RE/bin/../lib/gcc/arm-none-eabi/13.3.1/thumb/v7-m/nofp\libgcc.a(_arm_addsubdf3.o)
                              CMakeFiles/project1.elf.dir/Core/Src/OLED.c.obj (__aeabi_dsub)
C:/ENVIRO~1/ARM-NO~1/133167~1.3RE/bin/../lib/gcc/arm-none-eabi/13.3.1/thumb/v7-m/nofp\libgcc.a(_arm_muldivdf3.o)
                              CMakeFiles/project1.elf.dir/Core/Src/OLED.c.obj (__aeabi_ddiv)
C:/ENVIRO~1/ARM-NO~1/133167~1.3RE/bin/../lib/gcc/arm-none-eabi/13.3.1/thumb/v7-m/nofp\libgcc.a(_arm_cmpdf2.o)
                              CMakeFiles/project1.elf.dir/Core/Src/OLED.c.obj (__aeabi_dcmplt)
C:/ENVIRO~1/ARM-NO~1/133167~1.3RE/bin/../lib/gcc/arm-none-eabi/13.3.1/thumb/v7-m/nofp\libgcc.a(_arm_fixdfsi.o)
                              CMakeFiles/project1.elf.dir/Core/Src/OLED.c.obj (__aeabi_d2iz)
C:/ENVIRO~1/ARM-NO~1/133167~1.3RE/bin/../lib/gcc/arm-none-eabi/13.3.1/thumb/v7-m/nofp\libgcc.a(_arm_fixunsdfsi.o)
                              CMakeFiles/project1.elf.dir/Core/Src/OLED.c.obj (__aeabi_d2uiz)
C:/ENVIRO~1/ARM-NO~1/133167~1.3RE/bin/../lib/gcc/arm-none-eabi/13.3.1/thumb/v7-m/nofp\libgcc.a(_arm_truncdfsf2.o)
                              CMakeFiles/project1.elf.dir/Core/Src/OLED.c.obj (__aeabi_d2f)
C:/ENVIRO~1/ARM-NO~1/133167~1.3RE/bin/../lib/gcc/arm-none-eabi/13.3.1/thumb/v7-m/nofp\libgcc.a(_arm_addsubsf3.o)
                              CMakeFiles/project1.elf.dir/Core/Src/main.c.obj (__aeabi_fsub)
C:/ENVIRO~1/ARM-NO~1/133167~1.3RE/bin/../lib/gcc/arm-none-eabi/13.3.1/thumb/v7-m/nofp\libgcc.a(_arm_muldivsf3.o)
                              CMakeFiles/project1.elf.dir/Core/Src/main.c.obj (__aeabi_fdiv)
C:/ENVIRO~1/ARM-NO~1/133167~1.3RE/bin/../lib/gcc/arm-none-eabi/13.3.1/thumb/v7-m/nofp\libgcc.a(_arm_cmpsf2.o)
                              CMakeFiles/project1.elf.dir/Core/Src/main.c.obj (__aeabi_fcmplt)
C:/ENVIRO~1/ARM-NO~1/133167~1.3RE/bin/../lib/gcc/arm-none-eabi/13.3.1/thumb/v7-m/nofp\libgcc.a(_arm_fixunssfsi.o)
                              CMakeFiles/project1.elf.dir/Core/Src/main.c.obj (__aeabi_f2uiz)
C:/ENVIRO~1/ARM-NO~1/133167~1.3RE/bin/../lib/gcc/arm-none-eabi/13.3.1/thumb/v7-m/nofp\libg.a(libc_a-exit.o)
                              C:/ENVIRO~1/ARM-NO~1/133167~1.3RE/bin/../lib/gcc/arm-none-eabi/13.3.1/thumb/v7-m/nofp/crt0.o (exit)
C:/ENVIRO~1/ARM-NO~1/133167~1.3RE/bin/../lib/gcc/arm-none-eabi/13.3.1/thumb/v7-m/nofp\libg.a(libc_a-findfp.o)
                              C:/ENVIRO~1/ARM-NO~1/133167~1.3RE/bin/../lib/gcc/arm-none-eabi/13.3.1/thumb/v7-m/nofp\libg.a(libc_a-exit.o) (__stdio_exit_handler)
C:/ENVIRO~1/ARM-NO~1/133167~1.3RE/bin/../lib/gcc/arm-none-eabi/13.3.1/thumb/v7-m/nofp\libg.a(libc_a-fwalk.o)
                              C:/ENVIRO~1/ARM-NO~1/133167~1.3RE/bin/../lib/gcc/arm-none-eabi/13.3.1/thumb/v7-m/nofp\libg.a(libc_a-findfp.o) (_fwalk_sglue)
C:/ENVIRO~1/ARM-NO~1/133167~1.3RE/bin/../lib/gcc/arm-none-eabi/13.3.1/thumb/v7-m/nofp\libg.a(libc_a-sprintf.o)
                              CMakeFiles/project1.elf.dir/Core/Src/main.c.obj (sprintf)
C:/ENVIRO~1/ARM-NO~1/133167~1.3RE/bin/../lib/gcc/arm-none-eabi/13.3.1/thumb/v7-m/nofp\libg.a(libc_a-stdio.o)
                              C:/ENVIRO~1/ARM-NO~1/133167~1.3RE/bin/../lib/gcc/arm-none-eabi/13.3.1/thumb/v7-m/nofp\libg.a(libc_a-findfp.o) (__sread)
C:/ENVIRO~1/ARM-NO~1/133167~1.3RE/bin/../lib/gcc/arm-none-eabi/13.3.1/thumb/v7-m/nofp\libg.a(libc_a-vsprintf.o)
                              CMakeFiles/project1.elf.dir/Core/Src/OLED.c.obj (vsprintf)
C:/ENVIRO~1/ARM-NO~1/133167~1.3RE/bin/../lib/gcc/arm-none-eabi/13.3.1/thumb/v7-m/nofp\libg.a(libc_a-memset.o)
                              C:/ENVIRO~1/ARM-NO~1/133167~1.3RE/bin/../lib/gcc/arm-none-eabi/13.3.1/thumb/v7-m/nofp/crt0.o (memset)
C:/ENVIRO~1/ARM-NO~1/133167~1.3RE/bin/../lib/gcc/arm-none-eabi/13.3.1/thumb/v7-m/nofp\libg.a(libc_a-closer.o)
                              C:/ENVIRO~1/ARM-NO~1/133167~1.3RE/bin/../lib/gcc/arm-none-eabi/13.3.1/thumb/v7-m/nofp\libg.a(libc_a-stdio.o) (_close_r)
C:/ENVIRO~1/ARM-NO~1/133167~1.3RE/bin/../lib/gcc/arm-none-eabi/13.3.1/thumb/v7-m/nofp\libg.a(libc_a-reent.o)
                              C:/ENVIRO~1/ARM-NO~1/133167~1.3RE/bin/../lib/gcc/arm-none-eabi/13.3.1/thumb/v7-m/nofp\libg.a(libc_a-closer.o) (errno)
C:/ENVIRO~1/ARM-NO~1/133167~1.3RE/bin/../lib/gcc/arm-none-eabi/13.3.1/thumb/v7-m/nofp\libg.a(libc_a-impure.o)
                              C:/ENVIRO~1/ARM-NO~1/133167~1.3RE/bin/../lib/gcc/arm-none-eabi/13.3.1/thumb/v7-m/nofp\libg.a(libc_a-sprintf.o) (_impure_ptr)
C:/ENVIRO~1/ARM-NO~1/133167~1.3RE/bin/../lib/gcc/arm-none-eabi/13.3.1/thumb/v7-m/nofp\libg.a(libc_a-lseekr.o)
[...]
Memory Configuration

Name             Origin             Length             Attributes
RAM              0x20000000         0x00005000         xrw
FLASH            0x08000000         0x00010000         xr
*default*        0x00000000         0xffffffff

Linker script and memory map

LOAD C:/ENVIRO~1/ARM-NO~1/133167~1.3RE/bin/../lib/gcc/arm-none-eabi/13.3.1/thumb/v7-m/nofp/crti.o
LOAD C:/ENVIRO~1/ARM-NO~1/133167~1.3RE/bin/../lib/gcc/arm-none-eabi/13.3.1/thumb/v7-m/nofp/crtbegin.o
LOAD C:/ENVIRO~1/ARM-NO~1/133167~1.3RE/bin/../lib/gcc/arm-none-eabi/13.3.1/thumb/v7-m/nofp/crt0.o
LOAD CMakeFiles/project1.elf.dir/Core/Src/OLED.c.obj
LOAD CMakeFiles/project1.elf.dir/Core/Src/OLED_Data.c.obj
LOAD CMakeFiles/project1.elf.dir/Core/Src/adc.c.obj
LOAD CMakeFiles/project1.elf.dir/Core/Src/gpio.c.obj
LOAD CMakeFiles/project1.elf.dir/Core/Src/main.c.obj
LOAD CMakeFiles/project1.elf.dir/Core/Src/stm32f1xx_hal_msp.c.obj
LOAD CMakeFiles/project1.elf.dir/Core/Src/stm32f1xx_it.c.obj
LOAD CMakeFiles/project1.elf.dir/Core/Src/syscalls.c.obj
LOAD CMakeFiles/project1.elf.dir/Core/Src/sysmem.c.obj
LOAD CMakeFiles/project1.elf.dir/Core/Src/system_stm32f1xx.c.obj
LOAD CMakeFiles/project1.elf.dir/Core/Src/tim.c.obj
LOAD CMakeFiles/project1.elf.dir/Core/Startup/startup_stm32f103c8tx.s.obj
LOAD CMakeFiles/project1.elf.dir/Drivers/STM32F1xx_HAL_Driver/Src/stm32f1xx_hal.c.obj
LOAD CMakeFiles/project1.elf.dir/Drivers/STM32F1xx_HAL_Driver/Src/stm32f1xx_hal_adc.c.obj
LOAD CMakeFiles/project1.elf.dir/Drivers/STM32F1xx_HAL_Driver/Src/stm32f1xx_hal_adc_ex.c.obj
LOAD CMakeFiles/project1.elf.dir/Drivers/STM32F1xx_HAL_Driver/Src/stm32f1xx_hal_cortex.c.obj
LOAD CMakeFiles/project1.elf.dir/Drivers/STM32F1xx_HAL_Driver/Src/stm32f1xx_hal_dma.c.obj
LOAD CMakeFiles/project1.elf.dir/Drivers/STM32F1xx_HAL_Driver/Src/stm32f1xx_hal_exti.c.obj
LOAD CMakeFiles/project1.elf.dir/Drivers/STM32F1xx_HAL_Driver/Src/stm32f1xx_hal_flash.c.obj
LOAD CMakeFiles/project1.elf.dir/Drivers/STM32F1xx_HAL_Driver/Src/stm32f1xx_hal_flash_ex.c.obj
LOAD CMakeFiles/project1.elf.dir/Drivers/STM32F1xx_HAL_Driver/Src/stm32f1xx_hal_gpio.c.obj
LOAD CMakeFiles/project1.elf.dir/Drivers/STM32F1xx_HAL_Driver/Src/stm32f1xx_hal_gpio_ex.c.obj
LOAD CMakeFiles/project1.elf.dir/Drivers/STM32F1xx_HAL_Driver/Src/stm32f1xx_hal_pwr.c.obj
LOAD CMakeFiles/project1.elf.dir/Drivers/STM32F1xx_HAL_Driver/Src/stm32f1xx_hal_rcc.c.obj
LOAD CMakeFiles/project1.elf.dir/Drivers/STM32F1xx_HAL_Driver/Src/stm32f1xx_hal_rcc_ex.c.obj
LOAD CMakeFiles/project1.elf.dir/Drivers/STM32F1xx_HAL_Driver/Src/stm32f1xx_hal_tim.c.obj
LOAD CMakeFiles/project1.elf.dir/Drivers/STM32F1xx_HAL_Driver/Src/stm32f1xx_hal_tim_ex.c.obj
START GROUP
LOAD C:/ENVIRO~1/ARM-NO~1/133167~1.3RE/bin/../lib/gcc/arm-none-eabi/13.3.1/thumb/v7-m/nofp\libgcc.a
LOAD C:/ENVIRO~1/ARM-NO~1/133167~1.3RE/bin/../lib/gcc/arm-none-eabi/13.3.1/thumb/v7-m/nofp\libg.a
LOAD C:/ENVIRO~1/ARM-NO~1/133167~1.3RE/bin/../lib/gcc/arm-none-eabi/13.3.1/thumb/v7-m/nofp\libc.a
END GROUP
LOAD C:/ENVIRO~1/ARM-NO~1/133167~1.3RE/bin/../lib/gcc/arm-none-eabi/13.3.1/thumb/v7-m/nofp/crtend.o
LOAD C:/ENVIRO~1/ARM-NO~1/133167~1.3RE/bin/../lib/gcc/arm-none-eabi/13.3.1/thumb/v7-m/nofp/crtn.o
                0x20005000                        _estack = (ORIGIN (RAM) + LENGTH (RAM))
                0x00000200                        _Min_Heap_Size = 0x200
                0x00000400                        _Min_Stack_Size = 0x400

.isr_vector     0x08000000      0x10c
                0x08000000                        . = ALIGN (0x4)
 *(.isr_vector)
 .isr_vector    0x08000000      0x10c CMakeFiles/project1.elf.dir/Core/Startup/startup_stm32f103c8tx.s.obj
                0x08000000                g_pfnVectors
                0x0800010c                        . = ALIGN (0x4)

.text           0x08000110     0x9a28
                0x08000110                        . = ALIGN (0x4)
 *(.text)
 .text          0x08000110      0x378 C:/ENVIRO~1/ARM-NO~1/133167~1.3RE/bin/../lib/gcc/arm-none-eabi/13.3.1/thumb/v7-m/nofp\libgcc.a(_arm_addsubdf3.o)
                0x08000110                __aeabi_drsub
                0x08000118                __aeabi_dsub
                0x08000118                __subdf3
                0x0800011c                __aeabi_dadd
                0x0800011c                __adddf3
                0x08000394                __floatunsidf
                0x08000394                __aeabi_ui2d
                0x080003b4                __floatsidf
                0x080003b4                __aeabi_i2d
                0x080003d8                __aeabi_f2d
                0x080003d8                __extendsfdf2
                0x0800041c                __floatundidf
                0x0800041c                __aeabi_ul2d
                0x0800042c                __floatdidf
                0x0800042c                __aeabi_l2d
 .text          0x08000488      0x424 C:/ENVIRO~1/ARM-NO~1/133167~1.3RE/bin/../lib/gcc/arm-none-eabi/13.3.1/thumb/v7-m/nofp\libgcc.a(_arm_muldivdf3.o)
                0x08000488                __aeabi_dmul
                0x08000488                __muldf3
                0x080006dc                __divdf3
                0x080006dc                __aeabi_ddiv
 .text          0x080008ac      0x110 C:/ENVIRO~1/ARM-NO~1/133167~1.3RE/bin/../lib/gcc/arm-none-eabi/13.3.1/thumb/v7-m/nofp\libgcc.a(_arm_cmpdf2.o)
                0x080008ac                __gtdf2
                0x080008ac                __gedf2
                0x080008b4                __ltdf2
                0x080008b4                __ledf2
                0x080008bc                __nedf2
                0x080008bc                __eqdf2
                0x080008bc                __cmpdf2
                0x08000938                __aeabi_cdrcmple
                0x08000948                __aeabi_cdcmpeq
                0x08000948                __aeabi_cdcmple
                0x08000958                __aeabi_dcmpeq
                0x0800096c                __aeabi_dcmplt
                0x08000980                __aeabi_dcmple
                0x08000994                __aeabi_dcmpge
                0x080009a8                __aeabi_dcmpgt
 .text          0x080009bc       0x50 C:/ENVIRO~1/ARM-NO~1/133167~1.3RE/bin/../lib/gcc/arm-none-eabi/13.3.1/thumb/v7-m/nofp\libgcc.a(_arm_fixdfsi.o)
                0x080009bc                __aeabi_d2iz
                0x080009bc                __fixdfsi
 .text          0x08000a0c       0xa0 C:/ENVIRO~1/ARM-NO~1/133167~1.3RE/bin/../lib/gcc/arm-none-eabi/13.3.1/thumb/v7-m/nofp\libgcc.a(_arm_truncdfsf2.o)
                0x08000a0c                __truncdfsf2
                0x08000a0c                __aeabi_d2f
 .text          0x08000aac      0x21c C:/ENVIRO~1/ARM-NO~1/133167~1.3RE/bin/../lib/gcc/arm-none-eabi/13.3.1/thumb/v7-m/nofp\libgcc.a(_arm_addsubsf3.o)
                0x08000aac                __aeabi_frsub
                0x08000ab4                __subsf3
                0x08000ab4                __aeabi_fsub
                0x08000ab8                __aeabi_fadd
                0x08000ab8                __addsf3
                0x08000c18                __aeabi_ui2f
                0x08000c18                __floatunsisf
                0x08000c20                __aeabi_i2f
                0x08000c20                __floatsisf
                0x08000c3c                __aeabi_ul2f
                0x08000c3c                __floatundisf
                0x08000c4c                __aeabi_l2f
                0x08000c4c                __floatdisf
 .text          0x08000cc8      0x2a0 C:/ENVIRO~1/ARM-NO~1/133167~1.3RE/bin/../lib/gcc/arm-none-eabi/13.3.1/thumb/v7-m/nofp\libgcc.a(_arm_muldivsf3.o)
                0x08000cc8                __mulsf3
                0x08000cc8                __aeabi_fmul
                0x08000e30                __aeabi_fdiv
                0x08000e30                __divsf3
 .text          0x08000f68       0xec C:/ENVIRO~1/ARM-NO~1/133167~1.3RE/bin/../lib/gcc/arm-none-eabi/13.3.1/thumb/v7-m/nofp\libgcc.a(_arm_cmpsf2.o)
                0x08000f68                __gesf2
                0x08000f68                __gtsf2
                0x08000f70                __lesf2
                0x08000f70                __ltsf2
                0x08000f78                __nesf2
                0x08000f78                __eqsf2
                0x08000f78                __cmpsf2
                0x08000fd8                __aeabi_cfrcmple
                0x08000fe0                __aeabi_cfcmpeq
                0x08000fe0                __aeabi_cfcmple
                0x08000ff0                __aeabi_fcmpeq
                0x08001004                __aeabi_fcmplt
                0x08001018                __aeabi_fcmple
                0x0800102c                __aeabi_fcmpge
                0x08001040                __aeabi_fcmpgt
 .text          0x08001054       0x40 C:/ENVIRO~1/ARM-NO~1/133167~1.3RE/bin/../lib/gcc/arm-none-eabi/13.3.1/thumb/v7-m/nofp\libgcc.a(_arm_fixunssfsi.o)
                0x08001054                __fixunssfsi
                0x08001054                __aeabi_f2uiz
 .text          0x08001094       0xec C:/ENVIRO~1/ARM-NO~1/133167~1.3RE/bin/../lib/gcc/arm-none-eabi/13.3.1/thumb/v7-m/nofp\libg.a(libc_a-memcpy.o)
                0x08001094                memcpy
 .text          0x08001180       0x2c C:/ENVIRO~1/ARM-NO~1/133167~1.3RE/bin/../lib/gcc/arm-none-eabi/13.3.1/thumb/v7-m/nofp\libgcc.a(_arm_unorddf2.o)
                0x08001180                __unorddf2
                0x08001180                __aeabi_dcmpun
 *(.text*)
 .text.deregister_tm_clones
                0x080011ac       0x1c C:/ENVIRO~1/ARM-NO~1/133167~1.3RE/bin/../lib/gcc/arm-none-eabi/13.3.1/thumb/v7-m/nofp/crtbegin.o
 .text.register_tm_clones
                0x080011c8       0x24 C:/ENVIRO~1/ARM-NO~1/133167~1.3RE/bin/../lib/gcc/arm-none-eabi/13.3.1/thumb/v7-m/nofp/crtbegin.o
 .text.__do_global_dtors_aux
                0x080011ec       0x28 C:/ENVIRO~1/ARM-NO~1/133167~1.3RE/bin/../lib/gcc/arm-none-eabi/13.3.1/thumb/v7-m/nofp/crtbegin.o
 .text.frame_dummy
                0x08001214       0x24 C:/ENVIRO~1/ARM-NO~1/133167~1.3RE/bin/../lib/gcc/arm-none-eabi/13.3.1/thumb/v7-m/nofp/crtbegin.o
 .text.OLED_W_SCL
                0x08001238       0x14 CMakeFiles/project1.elf.dir/Core/Src/OLED.c.obj
                0x08001238                OLED_W_SCL
 .text.OLED_W_SDA
                0x0800124c       0x14 CMakeFiles/project1.elf.dir/Core/Src/OLED.c.obj
                0x0800124c                OLED_W_SDA
 .text.OLED_I2C_Start
                0x08001260       0x1c CMakeFiles/project1.elf.dir/Core/Src/OLED.c.obj
                0x08001260                OLED_I2C_Start
 .text.OLED_I2C_Stop
                0x0800127c       0x16 CMakeFiles/project1.elf.dir/Core/Src/OLED.c.obj
                0x0800127c                OLED_I2C_Stop
 .text.OLED_I2C_SendByte
                0x08001292       0x3a CMakeFiles/project1.elf.dir/Core/Src/OLED.c.obj
                0x08001292                OLED_I2C_SendByte
 .text.OLED_WriteCommand
                0x080012cc       0x20 CMakeFiles/project1.elf.dir/Core/Src/OLED.c.obj
                0x080012cc                OLED_WriteCommand
 .text.OLED_WriteData
                0x080012ec       0x2e CMakeFiles/project1.elf.dir/Core/Src/OLED.c.obj
                0x080012ec                OLED_WriteData
 .text.OLED_SetCursor
                0x0800131a       0x20 CMakeFiles/project1.elf.dir/Core/Src/OLED.c.obj
                0x0800131a                OLED_SetCursor
 *fill*         0x0800133a        0x2 
 .text.OLED_Update
                0x0800133c       0x28 CMakeFiles/project1.elf.dir/Core/Src/OLED.c.obj
                0x0800133c                OLED_Update
 .text.OLED_Clear
                0x08001364       0x2c CMakeFiles/project1.elf.dir/Core/Src/OLED.c.obj
                0x08001364                OLED_Clear
 .text.OLED_Init
                0x08001390       0x9a CMakeFiles/project1.elf.dir/Core/Src/OLED.c.obj
                0x08001390                OLED_Init
 *fill*         0x0800142a        0x2 
 .text.OLED_ClearArea
                0x0800142c       0x88 CMakeFiles/project1.elf.dir/Core/Src/OLED.c.obj
                0x0800142c                OLED_ClearArea
 .text.OLED_ShowImage
                0x080014b4       0xdc CMakeFiles/project1.elf.dir/Core/Src/OLED.c.obj
                0x080014b4                OLED_ShowImage
 .text.OLED_ShowChar
                0x08001590       0x48 CMakeFiles/project1.elf.dir/Core/Src/OLED.c.obj
                0x08001590                OLED_ShowChar
 .text.OLED_ShowString
                0x080015d8       0x2c CMakeFiles/project1.elf.dir/Core/Src/OLED.c.obj
                0x080015d8                OLED_ShowString
 .text.MX_ADC1_Init
                0x08001604       0x58 CMakeFiles/project1.elf.dir/Core/Src/adc.c.obj
                0x08001604                MX_ADC1_Init
 .text.HAL_ADC_MspInit
                0x0800165c       0x60 CMakeFiles/project1.elf.dir/Core/Src/adc.c.obj
                0x0800165c                HAL_ADC_MspInit
 .text.MX_GPIO_Init
                0x080016bc       0xfc CMakeFiles/project1.elf.dir/Core/Src/gpio.c.obj
                0x080016bc                MX_GPIO_Init
 .text.HAL_TIM_PeriodElapsedCallback
                0x080017b8      0x1ac CMakeFiles/project1.elf.dir/Core/Src/main.c.obj
                0x080017b8                HAL_TIM_PeriodElapsedCallback
 .text.Error_Handler
                0x08001964        0x4 CMakeFiles/project1.elf.dir/Core/Src/main.c.obj
                0x08001964                Error_Handler
 .text.SystemClock_Config
                0x08001968       0x84 CMakeFiles/project1.elf.dir/Core/Src/main.c.obj
                0x08001968                SystemClock_Config
 *fill*         0x080019ec        0x4 
 .text.main     0x080019f0      0x2e8 CMakeFiles/project1.elf.dir/Core/Src/main.c.obj
                0x080019f0                main
 .text.HAL_MspInit
                0x08001cd8       0x44 CMakeFiles/project1.elf.dir/Core/Src/stm32f1xx_hal_msp.c.obj
                0x08001cd8                HAL_MspInit
 .text.NMI_Handler
                0x08001d1c        0x2 CMakeFiles/project1.elf.dir/Core/Src/stm32f1xx_it.c.obj
                0x08001d1c                NMI_Handler
 .text.HardFault_Handler
                0x08001d1e        0x2 CMakeFiles/project1.elf.dir/Core/Src/stm32f1xx_it.c.obj
                0x08001d1e                HardFault_Handler
 .text.MemManage_Handler
                0x08001d20        0x2 CMakeFiles/project1.elf.dir/Core/Src/stm32f1xx_it.c.obj
                0x08001d20                MemManage_Handler
 .text.BusFault_Handler
                0x08001d22        0x2 CMakeFiles/project1.elf.dir/Core/Src/stm32f1xx_it.c.obj
                0x08001d22                BusFault_Handler
 .text.UsageFault_Handler
                0x08001d24        0x2 CMakeFiles/project1.elf.dir/Core/Src/stm32f1xx_it.c.obj
                0x08001d24                UsageFault_Handler
 .text.SVC_Handler
                0x08001d26        0x2 CMakeFiles/project1.elf.dir/Core/Src/stm32f1xx_it.c.obj
                0x08001d26                SVC_Handler
 .text.DebugMon_Handler
                0x08001d28        0x2 CMakeFiles/project1.elf.dir/Core/Src/stm32f1xx_it.c.obj
                0x08001d28                DebugMon_Handler
 .text.PendSV_Handler
                0x08001d2a        0x2 CMakeFiles/project1.elf.dir/Core/Src/stm32f1xx_it.c.obj
                0x08001d2a                PendSV_Handler
 .text.SysTick_Handler
                0x08001d2c        0x8 CMakeFiles/project1.elf.dir/Core/Src/stm32f1xx_it.c.obj
                0x08001d2c                SysTick_Handler
 .text.TIM2_IRQHandler
                0x08001d34       0x10 CMakeFiles/project1.elf.dir/Core/Src/stm32f1xx_it.c.obj
                0x08001d34                TIM2_IRQHandler
 .text._getpid  0x08001d44        0x4 CMakeFiles/project1.elf.dir/Core/Src/syscalls.c.obj
                0x08001d44                _getpid
 .text._kill    0x08001d48       0x10 CMakeFiles/project1.elf.dir/Core/Src/syscalls.c.obj
                0x08001d48                _kill
 .text._exit    0x08001d58        0xc CMakeFiles/project1.elf.dir/Core/Src/syscalls.c.obj
                0x08001d58                _exit
 .text._read    0x08001d64       0x20 CMakeFiles/project1.elf.dir/Core/Src/syscalls.c.obj
                0x08001d64                _read
 .text._write   0x08001d84       0x1c CMakeFiles/project1.elf.dir/Core/Src/syscalls.c.obj
                0x08001d84                _write
 .text._close   0x08001da0        0x6 CMakeFiles/project1.elf.dir/Core/Src/syscalls.c.obj
                0x08001da0                _close
 .text._fstat   0x08001da6        0xa CMakeFiles/project1.elf.dir/Core/Src/syscalls.c.obj
                0x08001da6                _fstat
 .text._isatty  0x08001db0        0x4 CMakeFiles/project1.elf.dir/Core/Src/syscalls.c.obj
                0x08001db0                _isatty
 .text._lseek   0x08001db4        0x4 CMakeFiles/project1.elf.dir/Core/Src/syscalls.c.obj
                0x08001db4                _lseek
 .text._sbrk    0x08001db8       0x48 CMakeFiles/project1.elf.dir/Core/Src/sysmem.c.obj
                0x08001db8                _sbrk
 .text.SystemInit
                0x08001e00        0x2 CMakeFiles/project1.elf.dir/Core/Src/system_stm32f1xx.c.obj
                0x08001e00                SystemInit
 *fill*         0x08001e02        0x2 
 .text.MX_TIM2_Init
                0x08001e04       0x6c CMakeFiles/project1.elf.dir/Core/Src/tim.c.obj
                0x08001e04                MX_TIM2_Init
 .text.HAL_TIM_PWM_MspInit
                0x08001e70       0x2c CMakeFiles/project1.elf.dir/Core/Src/tim.c.obj
                0x08001e70                HAL_TIM_PWM_MspInit
 .text.HAL_TIM_Base_MspInit
                0x08001e9c       0x3a CMakeFiles/project1.elf.dir/Core/Src/tim.c.obj
                0x08001e9c                HAL_TIM_Base_MspInit
 *fill*         0x08001ed6        0x2 
 .text.HAL_TIM_MspPostInit
                0x08001ed8       0x50 CMakeFiles/project1.elf.dir/Core/Src/tim.c.obj
                0x08001ed8                HAL_TIM_MspPostInit
 .text.MX_TIM1_Init
                0x08001f28       0xb8 CMakeFiles/project1.elf.dir/Core/Src/tim.c.obj
                0x08001f28                MX_TIM1_Init
 .text.Reset_Handler
                0x08001fe0       0x48 CMakeFiles/project1.elf.dir/Core/Startup/startup_stm32f103c8tx.s.obj
                0x08001fe0                Reset_Handler
 .text.Default_Handler
                0x08002028        0x2 CMakeFiles/project1.elf.dir/Core/Startup/startup_stm32f103c8tx.s.obj
                0x08002028                RTC_Alarm_IRQHandler
                0x08002028                EXTI2_IRQHandler
                0x08002028                TIM1_CC_IRQHandler
                0x08002028                PVD_IRQHandler
                0x08002028                EXTI3_IRQHandler
                0x08002028                EXTI0_IRQHandler
                0x08002028                I2C2_EV_IRQHandler
                0x08002028                ADC1_2_IRQHandler
                0x08002028                SPI1_IRQHandler
                0x08002028                TAMPER_IRQHandler
                0x08002028                DMA1_Channel4_IRQHandler
                0x08002028                USART3_IRQHandler
                0x08002028                RTC_IRQHandler
                0x08002028                DMA1_Channel7_IRQHandler
                0x08002028                CAN1_RX1_IRQHandler
                0x08002028                TIM4_IRQHandler
                0x08002028                I2C1_EV_IRQHandler
                0x08002028                DMA1_Channel6_IRQHandler
                0x08002028                TIM3_IRQHandler
                0x08002028                RCC_IRQHandler
                0x08002028                TIM1_TRG_COM_IRQHandler
                0x08002028                DMA1_Channel1_IRQHandler
                0x08002028                Default_Handler
                0x08002028                EXTI15_10_IRQHandler
                0x08002028                EXTI9_5_IRQHandler
                0x08002028                SPI2_IRQHandler
                0x08002028                DMA1_Channel5_IRQHandler
                0x08002028                EXTI4_IRQHandler
                0x08002028                USB_LP_CAN1_RX0_IRQHandler
                0x08002028                USB_HP_CAN1_TX_IRQHandler
                0x08002028                DMA1_Channel3_IRQHandler
                0x08002028                TIM1_UP_IRQHandler
                0x08002028                WWDG_IRQHandler
                0x08002028                TIM1_BRK_IRQHandler
                0x08002028                EXTI1_IRQHandler
                0x08002028                USART2_IRQHandler
                0x08002028                I2C2_ER_IRQHandler
                0x08002028                DMA1_Channel2_IRQHandler
                0x08002028                CAN1_SCE_IRQHandler
                0x08002028                FLASH_IRQHandler
                0x08002028                USART1_IRQHandler
                0x08002028                I2C1_ER_IRQHandler
                0x08002028                USBWakeUp_IRQHandler
 *fill*         0x0800202a        0x2 
 .text.HAL_InitTick
                0x0800202c       0x4c CMakeFiles/project1.elf.dir/Drivers/STM32F1xx_HAL_Driver/Src/stm32f1xx_hal.c.obj
                0x0800202c                HAL_InitTick
 .text.HAL_Init
                0x08002078       0x24 CMakeFiles/project1.elf.dir/Drivers/STM32F1xx_HAL_Driver/Src/stm32f1xx_hal.c.obj
                0x08002078                HAL_Init
 .text.HAL_IncTick
                0x0800209c       0x18 CMakeFiles/project1.elf.dir/Drivers/STM32F1xx_HAL_Driver/Src/stm32f1xx_hal.c.obj
                0x0800209c                HAL_IncTick
 .text.HAL_GetTick
                0x080020b4        0xc CMakeFiles/project1.elf.dir/Drivers/STM32F1xx_HAL_Driver/Src/stm32f1xx_hal.c.obj
                0x080020b4                HAL_GetTick
 .text.HAL_Delay
                0x080020c0       0x28 CMakeFiles/project1.elf.dir/Drivers/STM32F1xx_HAL_Driver/Src/stm32f1xx_hal.c.obj
                0x080020c0                HAL_Delay
 .text.HAL_ADC_PollForConversion
                0x080020e8      0x184 CMakeFiles/project1.elf.dir/Drivers/STM32F1xx_HAL_Driver/Src/stm32f1xx_hal_adc.c.obj
                0x080020e8                HAL_ADC_PollForConversion
 .text.HAL_ADC_GetValue
                0x0800226c        0x6 CMakeFiles/project1.elf.dir/Drivers/STM32F1xx_HAL_Driver/Src/stm32f1xx_hal_adc.c.obj
                0x0800226c                HAL_ADC_GetValue
 *fill*         0x08002272        0x2 
 .text.HAL_ADC_ConfigChannel
                0x08002274      0x140 CMakeFiles/project1.elf.dir/Drivers/STM32F1xx_HAL_Driver/Src/stm32f1xx_hal_adc.c.obj
                0x08002274                HAL_ADC_ConfigChannel
 .text.ADC_Enable
                0x080023b4       0x88 CMakeFiles/project1.elf.dir/Drivers/STM32F1xx_HAL_Driver/Src/stm32f1xx_hal_adc.c.obj
                0x080023b4                ADC_Enable
 .text.HAL_ADC_Start
                0x0800243c       0xe8 CMakeFiles/project1.elf.dir/Drivers/STM32F1xx_HAL_Driver/Src/stm32f1xx_hal_adc.c.obj
                0x0800243c                HAL_ADC_Start
 .text.ADC_ConversionStop_Disable
                0x08002524       0x56 CMakeFiles/project1.elf.dir/Drivers/STM32F1xx_HAL_Driver/Src/stm32f1xx_hal_adc.c.obj
                0x08002524                ADC_ConversionStop_Disable
 *fill*         0x0800257a        0x2 
 .text.HAL_ADC_Init
                0x0800257c      0x108 CMakeFiles/project1.elf.dir/Drivers/STM32F1xx_HAL_Driver/Src/stm32f1xx_hal_adc.c.obj
                0x0800257c                HAL_ADC_Init
 .text.__NVIC_SetPriority
                0x08002684       0x28 CMakeFiles/project1.elf.dir/Drivers/STM32F1xx_HAL_Driver/Src/stm32f1xx_hal_cortex.c.obj
 .text.NVIC_EncodePriority
                0x080026ac       0x3e CMakeFiles/project1.elf.dir/Drivers/STM32F1xx_HAL_Driver/Src/stm32f1xx_hal_cortex.c.obj
 *fill*         0x080026ea        0x2 
 .text.HAL_NVIC_SetPriorityGrouping
                0x080026ec       0x24 CMakeFiles/project1.elf.dir/Drivers/STM32F1xx_HAL_Driver/Src/stm32f1xx_hal_cortex.c.obj
                0x080026ec                HAL_NVIC_SetPriorityGrouping
 .text.HAL_NVIC_SetPriority
                0x08002710       0x20 CMakeFiles/project1.elf.dir/Drivers/STM32F1xx_HAL_Driver/Src/stm32f1xx_hal_cortex.c.obj
                0x08002710                HAL_NVIC_SetPriority
 .text.HAL_NVIC_EnableIRQ
                0x08002730       0x1c CMakeFiles/project1.elf.dir/Drivers/STM32F1xx_HAL_Driver/Src/stm32f1xx_hal_cortex.c.obj
                0x08002730                HAL_NVIC_EnableIRQ
 .text.HAL_SYSTICK_Config
                0x0800274c       0x28 CMakeFiles/project1.elf.dir/Drivers/STM32F1xx_HAL_Driver/Src/stm32f1xx_hal_cortex.c.obj
                0x0800274c                HAL_SYSTICK_Config
 .text.HAL_GPIO_Init
                0x08002774      0x21c CMakeFiles/project1.elf.dir/Drivers/STM32F1xx_HAL_Driver/Src/stm32f1xx_hal_gpio.c.obj
                0x08002774                HAL_GPIO_Init
 .text.HAL_GPIO_ReadPin
                0x08002990        0xe CMakeFiles/project1.elf.dir/Drivers/STM32F1xx_HAL_Driver/Src/stm32f1xx_hal_gpio.c.obj
                0x08002990                HAL_GPIO_ReadPin
 .text.HAL_GPIO_WritePin
                0x0800299e        0xc CMakeFiles/project1.elf.dir/Drivers/STM32F1xx_HAL_Driver/Src/stm32f1xx_hal_gpio.c.obj
                0x0800299e                HAL_GPIO_WritePin
 .text.HAL_GPIO_TogglePin
                0x080029aa       0x12 CMakeFiles/project1.elf.dir/Drivers/STM32F1xx_HAL_Driver/Src/stm32f1xx_hal_gpio.c.obj
                0x080029aa                HAL_GPIO_TogglePin
 .text.RCC_Delay
                0x080029bc       0x2c CMakeFiles/project1.elf.dir/Drivers/STM32F1xx_HAL_Driver/Src/stm32f1xx_hal_rcc.c.obj
 .text.HAL_RCC_OscConfig
                0x080029e8      0x410 CMakeFiles/project1.elf.dir/Drivers/STM32F1xx_HAL_Driver/Src/stm32f1xx_hal_rcc.c.obj
                0x080029e8                HAL_RCC_OscConfig
 .text.HAL_RCC_GetSysClockFreq
                0x08002df8       0x54 CMakeFiles/project1.elf.dir/Drivers/STM32F1xx_HAL_Driver/Src/stm32f1xx_hal_rcc.c.obj
                0x08002df8                HAL_RCC_GetSysClockFreq
 .text.HAL_RCC_ClockConfig
                0x08002e4c      0x16c CMakeFiles/project1.elf.dir/Drivers/STM32F1xx_HAL_Driver/Src/stm32f1xx_hal_rcc.c.obj
                0x08002e4c                HAL_RCC_ClockConfig
 .text.HAL_RCC_GetHCLKFreq
                0x08002fb8        0xc CMakeFiles/project1.elf.dir/Drivers/STM32F1xx_HAL_Driver/Src/stm32f1xx_hal_rcc.c.obj
                0x08002fb8                HAL_RCC_GetHCLKFreq
 .text.HAL_RCC_GetPCLK2Freq
                0x08002fc4       0x20 CMakeFiles/project1.elf.dir/Drivers/STM32F1xx_HAL_Driver/Src/stm32f1xx_hal_rcc.c.obj
                0x08002fc4                HAL_RCC_GetPCLK2Freq
 .text.HAL_RCCEx_PeriphCLKConfig
                0x08002fe4      0x118 CMakeFiles/project1.elf.dir/Drivers/STM32F1xx_HAL_Driver/Src/stm32f1xx_hal_rcc_ex.c.obj
                0x08002fe4                HAL_RCCEx_PeriphCLKConfig
 .text.HAL_RCCEx_GetPeriphCLKFreq
                0x080030fc       0xd8 CMakeFiles/project1.elf.dir/Drivers/STM32F1xx_HAL_Driver/Src/stm32f1xx_hal_rcc_ex.c.obj
                0x080030fc                HAL_RCCEx_GetPeriphCLKFreq
 .text.TIM_OC1_SetConfig
                0x080031d4       0x54 CMakeFiles/project1.elf.dir/Drivers/STM32F1xx_HAL_Driver/Src/stm32f1xx_hal_tim.c.obj
 .text.TIM_OC3_SetConfig
                0x08003228       0x5c CMakeFiles/project1.elf.dir/Drivers/STM32F1xx_HAL_Driver/Src/stm32f1xx_hal_tim.c.obj
 .text.TIM_OC4_SetConfig
                0x08003284       0x48 CMakeFiles/project1.elf.dir/Drivers/STM32F1xx_HAL_Driver/Src/stm32f1xx_hal_tim.c.obj
 .text.TIM_TI1_ConfigInputStage
                0x080032cc       0x24 CMakeFiles/project1.elf.dir/Drivers/STM32F1xx_HAL_Driver/Src/stm32f1xx_hal_tim.c.obj
 .text.TIM_TI2_ConfigInputStage
                0x080032f0       0x26 CMakeFiles/project1.elf.dir/Drivers/STM32F1xx_HAL_Driver/Src/stm32f1xx_hal_tim.c.obj
 .text.TIM_ITRx_SetConfig
                0x08003316       0x10 CMakeFiles/project1.elf.dir/Drivers/STM32F1xx_HAL_Driver/Src/stm32f1xx_hal_tim.c.obj
 *fill*         0x08003326        0x2 
 .text.HAL_TIM_Base_Start_IT
                0x08003328       0x68 CMakeFiles/project1.elf.dir/Drivers/STM32F1xx_HAL_Driver/Src/stm32f1xx_hal_tim.c.obj
                0x08003328                HAL_TIM_Base_Start_IT
 .text.HAL_TIM_OC_DelayElapsedCallback
                0x08003390        0x2 CMakeFiles/project1.elf.dir/Drivers/STM32F1xx_HAL_Driver/Src/stm32f1xx_hal_tim.c.obj
                0x08003390                HAL_TIM_OC_DelayElapsedCallback
 .text.HAL_TIM_IC_CaptureCallback
                0x08003392        0x2 CMakeFiles/project1.elf.dir/Drivers/STM32F1xx_HAL_Driver/Src/stm32f1xx_hal_tim.c.obj
                0x08003392                HAL_TIM_IC_CaptureCallback
 .text.HAL_TIM_PWM_PulseFinishedCallback
                0x08003394        0x2 CMakeFiles/project1.elf.dir/Drivers/STM32F1xx_HAL_Driver/Src/stm32f1xx_hal_tim.c.obj
                0x08003394                HAL_TIM_PWM_PulseFinishedCallback
 .text.HAL_TIM_TriggerCallback
                0x08003396        0x2 CMakeFiles/project1.elf.dir/Drivers/STM32F1xx_HAL_Driver/Src/stm32f1xx_hal_tim.c.obj
                0x08003396                HAL_TIM_TriggerCallback
 .text.HAL_TIM_IRQHandler
                0x08003398      0x15e CMakeFiles/project1.elf.dir/Drivers/STM32F1xx_HAL_Driver/Src/stm32f1xx_hal_tim.c.obj
                0x08003398                HAL_TIM_IRQHandler
 *fill*         0x080034f6        0x2 
 .text.TIM_Base_SetConfig
                0x080034f8       0x84 CMakeFiles/project1.elf.dir/Drivers/STM32F1xx_HAL_Driver/Src/stm32f1xx_hal_tim.c.obj
                0x080034f8                TIM_Base_SetConfig
 .text.HAL_TIM_Base_Init
                0x0800357c       0x58 CMakeFiles/project1.elf.dir/Drivers/STM32F1xx_HAL_Driver/Src/stm32f1xx_hal_tim.c.obj
                0x0800357c                HAL_TIM_Base_Init
 .text.HAL_TIM_PWM_Init
                0x080035d4       0x58 CMakeFiles/project1.elf.dir/Drivers/STM32F1xx_HAL_Driver/Src/stm32f1xx_hal_tim.c.obj
                0x080035d4                HAL_TIM_PWM_Init
 .text.TIM_OC2_SetConfig
                0x0800362c       0x5c CMakeFiles/project1.elf.dir/Drivers/STM32F1xx_HAL_Driver/Src/stm32f1xx_hal_tim.c.obj
                0x0800362c                TIM_OC2_SetConfig
 .text.HAL_TIM_PWM_ConfigChannel
                0x08003688       0xdc CMakeFiles/project1.elf.dir/Drivers/STM32F1xx_HAL_Driver/Src/stm32f1xx_hal_tim.c.obj
                0x08003688                HAL_TIM_PWM_ConfigChannel
 .text.TIM_ETR_SetConfig
                0x08003764       0x18 CMakeFiles/project1.elf.dir/Drivers/STM32F1xx_HAL_Driver/Src/stm32f1xx_hal_tim.c.obj
                0x08003764                TIM_ETR_SetConfig
 .text.HAL_TIM_ConfigClockSource
                0x0800377c       0xfe CMakeFiles/project1.elf.dir/Drivers/STM32F1xx_HAL_Driver/Src/stm32f1xx_hal_tim.c.obj
                0x0800377c                HAL_TIM_ConfigClockSource
 .text.TIM_CCxChannelCmd
                0x0800387a       0x1e CMakeFiles/project1.elf.dir/Drivers/STM32F1xx_HAL_Driver/Src/stm32f1xx_hal_tim.c.obj
                0x0800387a                TIM_CCxChannelCmd
 .text.HAL_TIM_PWM_Start
                0x08003898       0xdc CMakeFiles/project1.elf.dir/Drivers/STM32F1xx_HAL_Driver/Src/stm32f1xx_hal_tim.c.obj
                0x08003898                HAL_TIM_PWM_Start
 .text.HAL_TIMEx_MasterConfigSynchronization
                0x08003974       0x6c CMakeFiles/project1.elf.dir/Drivers/STM32F1xx_HAL_Driver/Src/stm32f1xx_hal_tim_ex.c.obj
                0x08003974                HAL_TIMEx_MasterConfigSynchronization
 .text.HAL_TIMEx_ConfigBreakDeadTime
                0x080039e0       0x52 CMakeFiles/project1.elf.dir/Drivers/STM32F1xx_HAL_Driver/Src/stm32f1xx_hal_tim_ex.c.obj
                0x080039e0                HAL_TIMEx_ConfigBreakDeadTime
 .text.HAL_TIMEx_CommutCallback
                0x08003a32        0x2 CMakeFiles/project1.elf.dir/Drivers/STM32F1xx_HAL_Driver/Src/stm32f1xx_hal_tim_ex.c.obj
                0x08003a32                HAL_TIMEx_CommutCallback
 .text.HAL_TIMEx_BreakCallback
                0x08003a34        0x2 CMakeFiles/project1.elf.dir/Drivers/STM32F1xx_HAL_Driver/Src/stm32f1xx_hal_tim_ex.c.obj
                0x08003a34                HAL_TIMEx_BreakCallback
 *fill*         0x08003a36        0x2 
 .text.stdio_exit_handler
                0x08003a38       0x18 C:/ENVIRO~1/ARM-NO~1/133167~1.3RE/bin/../lib/gcc/arm-none-eabi/13.3.1/thumb/v7-m/nofp\libg.a(libc_a-findfp.o)
 .text.cleanup_stdio
                0x08003a50       0x40 C:/ENVIRO~1/ARM-NO~1/133167~1.3RE/bin/../lib/gcc/arm-none-eabi/13.3.1/thumb/v7-m/nofp\libg.a(libc_a-findfp.o)
 .text.global_stdio_init.part.0
                0x08003a90       0xf0 C:/ENVIRO~1/ARM-NO~1/133167~1.3RE/bin/../lib/gcc/arm-none-eabi/13.3.1/thumb/v7-m/nofp\libg.a(libc_a-findfp.o)
 .text.__sinit  0x08003b80       0x3c C:/ENVIRO~1/ARM-NO~1/133167~1.3RE/bin/../lib/gcc/arm-none-eabi/13.3.1/thumb/v7-m/nofp\libg.a(libc_a-findfp.o)
                0x08003b80                __sinit
 .text.__sfp_lock_acquire
                0x08003bbc        0xc C:/ENVIRO~1/ARM-NO~1/133167~1.3RE/bin/../lib/gcc/arm-none-eabi/13.3.1/thumb/v7-m/nofp\libg.a(libc_a-findfp.o)
                0x08003bbc                __sfp_lock_acquire
 .text.__sfp_lock_release
                0x08003bc8        0xc C:/ENVIRO~1/ARM-NO~1/133167~1.3RE/bin/../lib/gcc/arm-none-eabi/13.3.1/thumb/v7-m/nofp\libg.a(libc_a-findfp.o)
                0x08003bc8                __sfp_lock_release
 .text._fwalk_sglue
                0x08003bd4       0x44 C:/ENVIRO~1/ARM-NO~1/133167~1.3RE/bin/../lib/gcc/arm-none-eabi/13.3.1/thumb/v7-m/nofp\libg.a(libc_a-fwalk.o)
                0x08003bd4                _fwalk_sglue
 .text.sprintf  0x08003c18       0x44 C:/ENVIRO~1/ARM-NO~1/133167~1.3RE/bin/../lib/gcc/arm-none-eabi/13.3.1/thumb/v7-m/nofp\libg.a(libc_a-sprintf.o)
                0x08003c18                sprintf
 .text.__sread  0x08003c5c       0x24 C:/ENVIRO~1/ARM-NO~1/133167~1.3RE/bin/../lib/gcc/arm-none-eabi/13.3.1/thumb/v7-m/nofp\libg.a(libc_a-stdio.o)
                0x08003c5c                __sread
 .text.__swrite
                0x08003c80       0x40 C:/ENVIRO~1/ARM-NO~1/133167~1.3RE/bin/../lib/gcc/arm-none-eabi/13.3.1/thumb/v7-m/nofp\libg.a(libc_a-stdio.o)
                0x08003c80                __swrite
 .text.__sseek  0x08003cc0       0x24 C:/ENVIRO~1/ARM-NO~1/133167~1.3RE/bin/../lib/gcc/arm-none-eabi/13.3.1/thumb/v7-m/nofp\libg.a(libc_a-stdio.o)
                0x08003cc0                __sseek
 .text.__sclose
                0x08003ce4        0x8 C:/ENVIRO~1/ARM-NO~1/133167~1.3RE/bin/../lib/gcc/arm-none-eabi/13.3.1/thumb/v7-m/nofp\libg.a(libc_a-stdio.o)
                0x08003ce4                __sclose
 .text.memset   0x08003cec       0xa0 C:/ENVIRO~1/ARM-NO~1/133167~1.3RE/bin/../lib/gcc/arm-none-eabi/13.3.1/thumb/v7-m/nofp\libg.a(libc_a-memset.o)
                0x08003cec                memset
 .text._close_r
                0x08003d8c       0x24 C:/ENVIRO~1/ARM-NO~1/133167~1.3RE/bin/../lib/gcc/arm-none-eabi/13.3.1/thumb/v7-m/nofp\libg.a(libc_a-closer.o)
                0x08003d8c                _close_r
 .text._lseek_r
                0x08003db0       0x2c C:/ENVIRO~1/ARM-NO~1/133167~1.3RE/bin/../lib/gcc/arm-none-eabi/13.3.1/thumb/v7-m/nofp\libg.a(libc_a-lseekr.o)
                0x08003db0                _lseek_r
 .text._read_r  0x08003ddc       0x2c C:/ENVIRO~1/ARM-NO~1/133167~1.3RE/bin/../lib/gcc/arm-none-eabi/13.3.1/thumb/v7-m/nofp\libg.a(libc_a-readr.o)
                0x08003ddc                _read_r
 .text._write_r
                0x08003e08       0x2c C:/ENVIRO~1/ARM-NO~1/133167~1.3RE/bin/../lib/gcc/arm-none-eabi/13.3.1/thumb/v7-m/nofp\libg.a(libc_a-writer.o)
                0x08003e08                _write_r
 .text.__errno  0x08003e34        0xc C:/ENVIRO~1/ARM-NO~1/133167~1.3RE/bin/../lib/gcc/arm-none-eabi/13.3.1/thumb/v7-m/nofp\libg.a(libc_a-errno.o)
                0x08003e34                __errno
 .text.__libc_init_array
                0x08003e40       0x50 C:/ENVIRO~1/ARM-NO~1/133167~1.3RE/bin/../lib/gcc/arm-none-eabi/13.3.1/thumb/v7-m/nofp\libg.a(libc_a-init.o)
                0x08003e40                __libc_init_array
 .text.__retarget_lock_init_recursive
                0x08003e90        0x4 C:/ENVIRO~1/ARM-NO~1/133167~1.3RE/bin/../lib/gcc/arm-none-eabi/13.3.1/thumb/v7-m/nofp\libg.a(libc_a-lock.o)
                0x08003e90                __retarget_lock_init_recursive
 .text.__retarget_lock_close_recursive
                0x08003e94        0x4 C:/ENVIRO~1/ARM-NO~1/133167~1.3RE/bin/../lib/gcc/arm-none-eabi/13.3.1/thumb/v7-m/nofp\libg.a(libc_a-lock.o)
                0x08003e94                __retarget_lock_close_recursive
 .text.__retarget_lock_acquire_recursive
                0x08003e98        0x4 C:/ENVIRO~1/ARM-NO~1/133167~1.3RE/bin/../lib/gcc/arm-none-eabi/13.3.1/thumb/v7-m/nofp\libg.a(libc_a-lock.o)
                0x08003e98                __retarget_lock_acquire_recursive
 .text.__retarget_lock_release_recursive
                0x08003e9c        0x4 C:/ENVIRO~1/ARM-NO~1/133167~1.3RE/bin/../lib/gcc/arm-none-eabi/13.3.1/thumb/v7-m/nofp\libg.a(libc_a-lock.o)
                0x08003e9c                __retarget_lock_release_recursive
 .text.startup.register_fini
                0x08003ea0       0x14 C:/ENVIRO~1/ARM-NO~1/133167~1.3RE/bin/../lib/gcc/arm-none-eabi/13.3.1/thumb/v7-m/nofp\libg.a(libc_a-__call_atexit.o)
 .text.atexit   0x08003eb4        0xc C:/ENVIRO~1/ARM-NO~1/133167~1.3RE/bin/../lib/gcc/arm-none-eabi/13.3.1/thumb/v7-m/nofp\libg.a(libc_a-atexit.o)
                0x08003eb4                atexit
 .text._malloc_trim_r
                0x08003ec0       0xb8 C:/ENVIRO~1/ARM-NO~1/133167~1.3RE/bin/../lib/gcc/arm-none-eabi/13.3.1/thumb/v7-m/nofp\libg.a(libc_a-freer.o)
                0x08003ec0                _malloc_trim_r
 .text._free_r  0x08003f78      0x1f8 C:/ENVIRO~1/ARM-NO~1/133167~1.3RE/bin/../lib/gcc/arm-none-eabi/13.3.1/thumb/v7-m/nofp\libg.a(libc_a-freer.o)
                0x08003f78                _free_r
 .text._malloc_r
                0x08004170      0x568 C:/ENVIRO~1/ARM-NO~1/133167~1.3RE/bin/../lib/gcc/arm-none-eabi/13.3.1/thumb/v7-m/nofp\libg.a(libc_a-mallocr.o)
                0x08004170                _malloc_r
 .text.__malloc_lock
                0x080046d8        0xc C:/ENVIRO~1/ARM-NO~1/133167~1.3RE/bin/../lib/gcc/arm-none-eabi/13.3.1/thumb/v7-m/nofp\libg.a(libc_a-mlock.o)
                0x080046d8                __malloc_lock
 .text.__malloc_unlock
                0x080046e4        0xc C:/ENVIRO~1/ARM-NO~1/133167~1.3RE/bin/../lib/gcc/arm-none-eabi/13.3.1/thumb/v7-m/nofp\libg.a(libc_a-mlock.o)
                0x080046e4                __malloc_unlock
 .text._svfprintf_r
                0x080046f0     0x1b2c C:/ENVIRO~1/ARM-NO~1/133167~1.3RE/bin/../lib/gcc/arm-none-eabi/13.3.1/thumb/v7-m/nofp\libg.a(libc_a-svfprintf.o)
                0x080046f0                _svfprintf_r
 .text.__ssprint_r
                0x0800621c       0x58 C:/ENVIRO~1/ARM-NO~1/133167~1.3RE/bin/../lib/gcc/arm-none-eabi/13.3.1/thumb/v7-m/nofp\libg.a(libc_a-ssprint_r.o)
                0x0800621c                __ssprint_r
 .text._fclose_r
                0x08006274       0xc0 C:/ENVIRO~1/ARM-NO~1/133167~1.3RE/bin/../lib/gcc/arm-none-eabi/13.3.1/thumb/v7-m/nofp\libg.a(libc_a-fclose.o)
                0x08006274                _fclose_r
 .text.__sflush_r
                0x08006334      0x128 C:/ENVIRO~1/ARM-NO~1/133167~1.3RE/bin/../lib/gcc/arm-none-eabi/13.3.1/thumb/v7-m/nofp\libg.a(libc_a-fflush.o)
                0x08006334                __sflush_r
 .text._fflush_r
                0x0800645c       0x54 C:/ENVIRO~1/ARM-NO~1/133167~1.3RE/bin/../lib/gcc/arm-none-eabi/13.3.1/thumb/v7-m/nofp\libg.a(libc_a-fflush.o)
                0x0800645c                _fflush_r
 .text.strncpy  0x080064b0       0x6c C:/ENVIRO~1/ARM-NO~1/133167~1.3RE/bin/../lib/gcc/arm-none-eabi/13.3.1/thumb/v7-m/nofp\libg.a(libc_a-strncpy.o)
                0x080064b0                strncpy
 .text.__locale_mb_cur_max
                0x0800651c        0xc C:/ENVIRO~1/ARM-NO~1/133167~1.3RE/bin/../lib/gcc/arm-none-eabi/13.3.1/thumb/v7-m/nofp\libg.a(libc_a-locale.o)
                0x0800651c                __locale_mb_cur_max
 .text._localeconv_r
                0x08006528        0x8 C:/ENVIRO~1/ARM-NO~1/133167~1.3RE/bin/../lib/gcc/arm-none-eabi/13.3.1/thumb/v7-m/nofp\libg.a(libc_a-localeconv.o)
                0x08006528                _localeconv_r
 .text._sbrk_r  0x08006530       0x24 C:/ENVIRO~1/ARM-NO~1/133167~1.3RE/bin/../lib/gcc/arm-none-eabi/13.3.1/thumb/v7-m/nofp\libg.a(libc_a-sbrkr.o)
                0x08006530                _sbrk_r
 .text.__libc_fini_array
                0x08006554       0x28 C:/ENVIRO~1/ARM-NO~1/133167~1.3RE/bin/../lib/gcc/arm-none-eabi/13.3.1/thumb/v7-m/nofp\libg.a(libc_a-fini.o)
                0x08006554                __libc_fini_array
 .text.sysconf  0x0800657c       0x1c C:/ENVIRO~1/ARM-NO~1/133167~1.3RE/bin/../lib/gcc/arm-none-eabi/13.3.1/thumb/v7-m/nofp\libg.a(libc_a-sysconf.o)
                0x0800657c                sysconf
 .text.memchr   0x08006598       0x98 C:/ENVIRO~1/ARM-NO~1/133167~1.3RE/bin/../lib/gcc/arm-none-eabi/13.3.1/thumb/v7-m/nofp\libg.a(libc_a-memchr-stub.o)
                0x08006598                memchr
 .text.strlen   0x08006630       0x5c C:/ENVIRO~1/ARM-NO~1/133167~1.3RE/bin/../lib/gcc/arm-none-eabi/13.3.1/thumb/v7-m/nofp\libg.a(libc_a-strlen-stub.o)
                0x08006630                strlen
 .text.frexp    0x0800668c       0x6c C:/ENVIRO~1/ARM-NO~1/133167~1.3RE/bin/../lib/gcc/arm-none-eabi/13.3.1/thumb/v7-m/nofp\libg.a(libm_a-s_frexp.o)
                0x0800668c                frexp
 .text.__register_exitproc
                0x080066f8       0x80 C:/ENVIRO~1/ARM-NO~1/133167~1.3RE/bin/../lib/gcc/arm-none-eabi/13.3.1/thumb/v7-m/nofp\libg.a(libc_a-__atexit.o)
                0x080066f8                __register_exitproc
 .text.quorem   0x08006778      0x13c C:/ENVIRO~1/ARM-NO~1/133167~1.3RE/bin/../lib/gcc/arm-none-eabi/13.3.1/thumb/v7-m/nofp\libg.a(libc_a-dtoa.o)
 *fill*         0x080068b4        0x4 
 .text._dtoa_r  0x080068b8      0xe94 C:/ENVIRO~1/ARM-NO~1/133167~1.3RE/bin/../lib/gcc/arm-none-eabi/13.3.1/thumb/v7-m/nofp\libg.a(libc_a-dtoa.o)
                0x080068b8                _dtoa_r
 .text.__ascii_mbtowc
                0x0800774c       0x2c C:/ENVIRO~1/ARM-NO~1/133167~1.3RE/bin/../lib/gcc/arm-none-eabi/13.3.1/thumb/v7-m/nofp\libg.a(libc_a-mbtowc_r.o)
                0x0800774c                __ascii_mbtowc
 .text._Balloc  0x08007778       0x4c C:/ENVIRO~1/ARM-NO~1/133167~1.3RE/bin/../lib/gcc/arm-none-eabi/13.3.1/thumb/v7-m/nofp\libg.a(libc_a-mprec.o)
                0x08007778                _Balloc
 .text._Bfree   0x080077c4       0x14 C:/ENVIRO~1/ARM-NO~1/133167~1.3RE/bin/../lib/gcc/arm-none-eabi/13.3.1/thumb/v7-m/nofp\libg.a(libc_a-mprec.o)
                0x080077c4                _Bfree
 .text.__multadd
                0x080077d8       0xa4 C:/ENVIRO~1/ARM-NO~1/133167~1.3RE/bin/../lib/gcc/arm-none-eabi/13.3.1/thumb/v7-m/nofp\libg.a(libc_a-mprec.o)
                0x080077d8                __multadd
 .text.__hi0bits
                0x0800787c       0x44 C:/ENVIRO~1/ARM-NO~1/133167~1.3RE/bin/../lib/gcc/arm-none-eabi/13.3.1/thumb/v7-m/nofp\libg.a(libc_a-mprec.o)
                0x0800787c                __hi0bits
 .text.__lo0bits
                0x080078c0       0x5c C:/ENVIRO~1/ARM-NO~1/133167~1.3RE/bin/../lib/gcc/arm-none-eabi/13.3.1/thumb/v7-m/nofp\libg.a(libc_a-mprec.o)
                0x080078c0                __lo0bits
 .text.__i2b    0x0800791c       0x5c C:/ENVIRO~1/ARM-NO~1/133167~1.3RE/bin/../lib/gcc/arm-none-eabi/13.3.1/thumb/v7-m/nofp\libg.a(libc_a-mprec.o)
                0x0800791c                __i2b
 .text.__multiply
                0x08007978      0x164 C:/ENVIRO~1/ARM-NO~1/133167~1.3RE/bin/../lib/gcc/arm-none-eabi/13.3.1/thumb/v7-m/nofp\libg.a(libc_a-mprec.o)
                0x08007978                __multiply
 .text.__pow5mult
                0x08007adc       0xb4 C:/ENVIRO~1/ARM-NO~1/133167~1.3RE/bin/../lib/gcc/arm-none-eabi/13.3.1/thumb/v7-m/nofp\libg.a(libc_a-mprec.o)
                0x08007adc                __pow5mult
 .text.__lshift
                0x08007b90       0xec C:/ENVIRO~1/ARM-NO~1/133167~1.3RE/bin/../lib/gcc/arm-none-eabi/13.3.1/thumb/v7-m/nofp\libg.a(libc_a-mprec.o)
                0x08007b90                __lshift
 .text.__mcmp   0x08007c7c       0x40 C:/ENVIRO~1/ARM-NO~1/133167~1.3RE/bin/../lib/gcc/arm-none-eabi/13.3.1/thumb/v7-m/nofp\libg.a(libc_a-mprec.o)
                0x08007c7c                __mcmp
 .text.__mdiff  0x08007cbc      0x178 C:/ENVIRO~1/ARM-NO~1/133167~1.3RE/bin/../lib/gcc/arm-none-eabi/13.3.1/thumb/v7-m/nofp\libg.a(libc_a-mprec.o)
                0x08007cbc                __mdiff
 .text.__d2b    0x08007e34       0xbc C:/ENVIRO~1/ARM-NO~1/133167~1.3RE/bin/../lib/gcc/arm-none-eabi/13.3.1/thumb/v7-m/nofp\libg.a(libc_a-mprec.o)
                0x08007e34                __d2b
 .text.__ascii_wctomb
                0x08007ef0       0x1c C:/ENVIRO~1/ARM-NO~1/133167~1.3RE/bin/../lib/gcc/arm-none-eabi/13.3.1/thumb/v7-m/nofp\libg.a(libc_a-wctomb_r.o)
                0x08007ef0                __ascii_wctomb
 .text._wcrtomb_r
                0x08007f0c       0x4c C:/ENVIRO~1/ARM-NO~1/133167~1.3RE/bin/../lib/gcc/arm-none-eabi/13.3.1/thumb/v7-m/nofp\libg.a(libc_a-wcrtomb.o)
                0x08007f0c                _wcrtomb_r
 .text._wcsrtombs_r
                0x08007f58       0x18 C:/ENVIRO~1/ARM-NO~1/133167~1.3RE/bin/../lib/gcc/arm-none-eabi/13.3.1/thumb/v7-m/nofp\libg.a(libc_a-wcsrtombs.o)
                0x08007f58                _wcsrtombs_r
 .text.__ssputs_r
                0x08007f70       0xc0 C:/ENVIRO~1/ARM-NO~1/133167~1.3RE/bin/../lib/gcc/arm-none-eabi/13.3.1/thumb/v7-m/nofp\libg.a(libc_a-ssputs_r.o)
                0x08007f70                __ssputs_r
 .text.memmove  0x08008030       0xfc C:/ENVIRO~1/ARM-NO~1/133167~1.3RE/bin/../lib/gcc/arm-none-eabi/13.3.1/thumb/v7-m/nofp\libg.a(libc_a-memmove.o)
                0x08008030                memmove
 .text.__assert_func
                0x0800812c       0x40 C:/ENVIRO~1/ARM-NO~1/133167~1.3RE/bin/../lib/gcc/arm-none-eabi/13.3.1/thumb/v7-m/nofp\libg.a(libc_a-assert.o)
                0x0800812c                __assert_func
 .text._calloc_r
                0x0800816c       0x6c C:/ENVIRO~1/ARM-NO~1/133167~1.3RE/bin/../lib/gcc/arm-none-eabi/13.3.1/thumb/v7-m/nofp\libg.a(libc_a-callocr.o)
                0x0800816c                _calloc_r
 .text._realloc_r
                0x080081d8      0x34c C:/ENVIRO~1/ARM-NO~1/133167~1.3RE/bin/../lib/gcc/arm-none-eabi/13.3.1/thumb/v7-m/nofp\libg.a(libc_a-reallocr.o)
                0x080081d8                _realloc_r
 .text._wcsnrtombs_l
                0x08008524       0xec C:/ENVIRO~1/ARM-NO~1/133167~1.3RE/bin/../lib/gcc/arm-none-eabi/13.3.1/thumb/v7-m/nofp\libg.a(libc_a-wcsnrtombs.o)
                0x08008524                _wcsnrtombs_l
 .text._wcsnrtombs_r
                0x08008610       0x24 C:/ENVIRO~1/ARM-NO~1/133167~1.3RE/bin/../lib/gcc/arm-none-eabi/13.3.1/thumb/v7-m/nofp\libg.a(libc_a-wcsnrtombs.o)
                0x08008610                _wcsnrtombs_r
 .text.fiprintf
                0x08008634       0x28 C:/ENVIRO~1/ARM-NO~1/133167~1.3RE/bin/../lib/gcc/arm-none-eabi/13.3.1/thumb/v7-m/nofp\libg.a(libc_a-fiprintf.o)
                0x08008634                fiprintf
 .text._vfiprintf_r
                0x0800865c      0xeb8 C:/ENVIRO~1/ARM-NO~1/133167~1.3RE/bin/../lib/gcc/arm-none-eabi/13.3.1/thumb/v7-m/nofp\libg.a(libc_a-vfiprintf.o)
                0x0800865c                _vfiprintf_r
 .text.__sbprintf
                0x08009514       0x80 C:/ENVIRO~1/ARM-NO~1/133167~1.3RE/bin/../lib/gcc/arm-none-eabi/13.3.1/thumb/v7-m/nofp\libg.a(libc_a-vfiprintf.o)
 .text.__sprint_r
                0x08009594       0x20 C:/ENVIRO~1/ARM-NO~1/133167~1.3RE/bin/../lib/gcc/arm-none-eabi/13.3.1/thumb/v7-m/nofp\libg.a(libc_a-sprint_r.o)
                0x08009594                __sprint_r
 .text.__sfvwrite_r
                0x080095b4      0x2ec C:/ENVIRO~1/ARM-NO~1/133167~1.3RE/bin/../lib/gcc/arm-none-eabi/13.3.1/thumb/v7-m/nofp\libg.a(libc_a-fvwrite.o)
                0x080095b4                __sfvwrite_r
 .text.__swsetup_r
                0x080098a0       0xc4 C:/ENVIRO~1/ARM-NO~1/133167~1.3RE/bin/../lib/gcc/arm-none-eabi/13.3.1/thumb/v7-m/nofp\libg.a(libc_a-wsetup.o)
                0x080098a0                __swsetup_r
 .text.abort    0x08009964       0x10 C:/ENVIRO~1/ARM-NO~1/133167~1.3RE/bin/../lib/gcc/arm-none-eabi/13.3.1/thumb/v7-m/nofp\libg.a(libc_a-abort.o)
                0x08009964                abort
 .text.__smakebuf_r
                0x08009974       0xdc C:/ENVIRO~1/ARM-NO~1/133167~1.3RE/bin/../lib/gcc/arm-none-eabi/13.3.1/thumb/v7-m/nofp\libg.a(libc_a-makebuf.o)
                0x08009974                __smakebuf_r
 .text.raise    0x08009a50       0x58 C:/ENVIRO~1/ARM-NO~1/133167~1.3RE/bin/../lib/gcc/arm-none-eabi/13.3.1/thumb/v7-m/nofp\libg.a(libc_a-signal.o)
                0x08009a50                raise
 .text._fstat_r
                0x08009aa8       0x28 C:/ENVIRO~1/ARM-NO~1/133167~1.3RE/bin/../lib/gcc/arm-none-eabi/13.3.1/thumb/v7-m/nofp\libg.a(libc_a-fstatr.o)
                0x08009aa8                _fstat_r
 .text._isatty_r
                0x08009ad0       0x24 C:/ENVIRO~1/ARM-NO~1/133167~1.3RE/bin/../lib/gcc/arm-none-eabi/13.3.1/thumb/v7-m/nofp\libg.a(libc_a-isattyr.o)
                0x08009ad0                _isatty_r
 .text._kill_r  0x08009af4       0x28 C:/ENVIRO~1/ARM-NO~1/133167~1.3RE/bin/../lib/gcc/arm-none-eabi/13.3.1/thumb/v7-m/nofp\libg.a(libc_a-signalr.o)
                0x08009af4                _kill_r
 .text._getpid_r
                0x08009b1c        0x4 C:/ENVIRO~1/ARM-NO~1/133167~1.3RE/bin/../lib/gcc/arm-none-eabi/13.3.1/thumb/v7-m/nofp\libg.a(libc_a-signalr.o)
                0x08009b1c                _getpid_r
 *(.glue_7)
 .glue_7        0x08009b20        0x0 linker stubs
 *(.glue_7t)
 .glue_7t       0x08009b20        0x0 linker stubs
 *(.eh_frame)
 .eh_frame      0x08009b20        0x0 C:/ENVIRO~1/ARM-NO~1/133167~1.3RE/bin/../lib/gcc/arm-none-eabi/13.3.1/thumb/v7-m/nofp/crtbegin.o
 *(.init)
 .init          0x08009b20        0x4 C:/ENVIRO~1/ARM-NO~1/133167~1.3RE/bin/../lib/gcc/arm-none-eabi/13.3.1/thumb/v7-m/nofp/crti.o
                0x08009b20                _init
 .init          0x08009b24        0x8 C:/ENVIRO~1/ARM-NO~1/133167~1.3RE/bin/../lib/gcc/arm-none-eabi/13.3.1/thumb/v7-m/nofp/crtn.o
 *(.fini)
 .fini          0x08009b2c        0x4 C:/ENVIRO~1/ARM-NO~1/133167~1.3RE/bin/../lib/gcc/arm-none-eabi/13.3.1/thumb/v7-m/nofp/crti.o
                0x08009b2c                _fini
 .fini          0x08009b30        0x8 C:/ENVIRO~1/ARM-NO~1/133167~1.3RE/bin/../lib/gcc/arm-none-eabi/13.3.1/thumb/v7-m/nofp/crtn.o
                0x08009b38                        . = ALIGN (0x4)
                0x08009b38                        _etext = .

.vfp11_veneer   0x08009b38        0x0
 .vfp11_veneer  0x08009b38        0x0 linker stubs

.v4_bx          0x08009b38        0x0
 .v4_bx         0x08009b38        0x0 linker stubs

.iplt           0x08009b38        0x0
 .iplt          0x08009b38        0x0 C:/ENVIRO~1/ARM-NO~1/133167~1.3RE/bin/../lib/gcc/arm-none-eabi/13.3.1/thumb/v7-m/nofp/crtbegin.o

.rodata         0x08009b38      0xca4
                0x08009b38                        . = ALIGN (0x4)
 *(.rodata)
 *(.rodata*)
 .rodata.OLED_F6x8
                0x08009b38      0x23a CMakeFiles/project1.elf.dir/Core/Src/OLED_Data.c.obj
                0x08009b38                OLED_F6x8
 *fill*         0x08009d72        0x2 
 .rodata.OLED_F8x16
                0x08009d74      0x5f0 CMakeFiles/project1.elf.dir/Core/Src/OLED_Data.c.obj
                0x08009d74                OLED_F8x16
 .rodata.main.str1.4
                0x0800a364      0x1f3 CMakeFiles/project1.elf.dir/Core/Src/main.c.obj
                                 0x49 (size before relaxing)
 *fill*         0x0800a557        0x1 
 .rodata.APBPrescTable
                0x0800a558        0x8 CMakeFiles/project1.elf.dir/Core/Src/system_stm32f1xx.c.obj
                0x0800a558                APBPrescTable
 .rodata.AHBPrescTable
                0x0800a560       0x10 CMakeFiles/project1.elf.dir/Core/Src/system_stm32f1xx.c.obj
                0x0800a560                AHBPrescTable
 .rodata.aPredivFactorTable.0
                0x0800a570        0x2 CMakeFiles/project1.elf.dir/Drivers/STM32F1xx_HAL_Driver/Src/stm32f1xx_hal_rcc.c.obj
 *fill*         0x0800a572        0x2 
 .rodata.aPLLMULFactorTable.1
                0x0800a574       0x10 CMakeFiles/project1.elf.dir/Drivers/STM32F1xx_HAL_Driver/Src/stm32f1xx_hal_rcc.c.obj
 .rodata.aPredivFactorTable.0
                0x0800a584        0x2 CMakeFiles/project1.elf.dir/Drivers/STM32F1xx_HAL_Driver/Src/stm32f1xx_hal_rcc_ex.c.obj
 *fill*         0x0800a586        0x2 
 .rodata.aPLLMULFactorTable.1
                0x0800a588       0x10 CMakeFiles/project1.elf.dir/Drivers/STM32F1xx_HAL_Driver/Src/stm32f1xx_hal_rcc_ex.c.obj
 .rodata._svfprintf_r.str1.4
                0x0800a598       0x42 C:/ENVIRO~1/ARM-NO~1/133167~1.3RE/bin/../lib/gcc/arm-none-eabi/13.3.1/thumb/v7-m/nofp\libg.a(libc_a-svfprintf.o)
 .rodata.zeroes.0
                0x0800a598       0x10 C:/ENVIRO~1/ARM-NO~1/133167~1.3RE/bin/../lib/gcc/arm-none-eabi/13.3.1/thumb/v7-m/nofp\libg.a(libc_a-svfprintf.o)
 .rodata.blanks.1
                0x0800a5a8       0x10 C:/ENVIRO~1/ARM-NO~1/133167~1.3RE/bin/../lib/gcc/arm-none-eabi/13.3.1/thumb/v7-m/nofp\libg.a(libc_a-svfprintf.o)
 .rodata.str1.4
                0x0800a5b8       0x4c C:/ENVIRO~1/ARM-NO~1/133167~1.3RE/bin/../lib/gcc/arm-none-eabi/13.3.1/thumb/v7-m/nofp\libg.a(libc_a-locale.o)
 .rodata._dtoa_r.str1.4
                0x0800a5b8       0x81 C:/ENVIRO~1/ARM-NO~1/133167~1.3RE/bin/../lib/gcc/arm-none-eabi/13.3.1/thumb/v7-m/nofp\libg.a(libc_a-dtoa.o)
 .rodata.__multadd.str1.4
                0x0800a5b8       0x6e C:/ENVIRO~1/ARM-NO~1/133167~1.3RE/bin/../lib/gcc/arm-none-eabi/13.3.1/thumb/v7-m/nofp\libg.a(libc_a-mprec.o)
 .rodata.p05.0  0x0800a5b8        0xc C:/ENVIRO~1/ARM-NO~1/133167~1.3RE/bin/../lib/gcc/arm-none-eabi/13.3.1/thumb/v7-m/nofp\libg.a(libc_a-mprec.o)
 *fill*         0x0800a5c4        0x4 
 .rodata.__mprec_bigtens
                0x0800a5c8       0x28 C:/ENVIRO~1/ARM-NO~1/133167~1.3RE/bin/../lib/gcc/arm-none-eabi/13.3.1/thumb/v7-m/nofp\libg.a(libc_a-mprec.o)
                0x0800a5c8                __mprec_bigtens
 .rodata.__mprec_tens
                0x0800a5f0       0xc8 C:/ENVIRO~1/ARM-NO~1/133167~1.3RE/bin/../lib/gcc/arm-none-eabi/13.3.1/thumb/v7-m/nofp\libg.a(libc_a-mprec.o)
                0x0800a5f0                __mprec_tens
 .rodata._ctype_
                0x0800a6b8      0x101 C:/ENVIRO~1/ARM-NO~1/133167~1.3RE/bin/../lib/gcc/arm-none-eabi/13.3.1/thumb/v7-m/nofp\libg.a(libc_a-ctype_.o)
                0x0800a6b8                _ctype_
 .rodata.__assert_func.str1.4
                0x0800a7b9       0x43 C:/ENVIRO~1/ARM-NO~1/133167~1.3RE/bin/../lib/gcc/arm-none-eabi/13.3.1/thumb/v7-m/nofp\libg.a(libc_a-assert.o)
 .rodata._vfiprintf_r.str1.4
                0x0800a7b9       0x2f C:/ENVIRO~1/ARM-NO~1/133167~1.3RE/bin/../lib/gcc/arm-none-eabi/13.3.1/thumb/v7-m/nofp\libg.a(libc_a-vfiprintf.o)
 *fill*         0x0800a7b9        0x3 
 .rodata.zeroes.0
                0x0800a7bc       0x10 C:/ENVIRO~1/ARM-NO~1/133167~1.3RE/bin/../lib/gcc/arm-none-eabi/13.3.1/thumb/v7-m/nofp\libg.a(libc_a-vfiprintf.o)
 .rodata.blanks.1
                0x0800a7cc       0x10 C:/ENVIRO~1/ARM-NO~1/133167~1.3RE/bin/../lib/gcc/arm-none-eabi/13.3.1/thumb/v7-m/nofp\libg.a(libc_a-vfiprintf.o)
                0x0800a7dc                        . = ALIGN (0x4)

.ARM.extab      0x0800a7dc        0x0
                0x0800a7dc                        . = ALIGN (0x4)
 *(.ARM.extab* .gnu.linkonce.armextab.*)
                0x0800a7dc                        . = ALIGN (0x4)

.ARM            0x0800a7dc        0x8
                0x0800a7dc                        . = ALIGN (0x4)
                0x0800a7dc                        __exidx_start = .
 *(.ARM.exidx*)
 .ARM.exidx     0x0800a7dc        0x8 C:/ENVIRO~1/ARM-NO~1/133167~1.3RE/bin/../lib/gcc/arm-none-eabi/13.3.1/thumb/v7-m/nofp\libg.a(libc_a-memcpy.o)
                0x0800a7e4                        __exidx_end = .
                0x0800a7e4                        . = ALIGN (0x4)

.preinit_array  0x0800a7e4        0x0
                0x0800a7e4                        . = ALIGN (0x4)
                0x0800a7e4                        PROVIDE (__preinit_array_start = .)
 *(.preinit_array*)
                0x0800a7e4                        PROVIDE (__preinit_array_end = .)
                0x0800a7e4                        . = ALIGN (0x4)

.init_array     0x0800a7e4        0x8
                0x0800a7e4                        . = ALIGN (0x4)
                0x0800a7e4                        PROVIDE (__init_array_start = .)
 *(SORT_BY_NAME(.init_array.*))
 .init_array.00000
                0x0800a7e4        0x4 C:/ENVIRO~1/ARM-NO~1/133167~1.3RE/bin/../lib/gcc/arm-none-eabi/13.3.1/thumb/v7-m/nofp\libg.a(libc_a-__call_atexit.o)
 *(.init_array*)
 .init_array    0x0800a7e8        0x4 C:/ENVIRO~1/ARM-NO~1/133167~1.3RE/bin/../lib/gcc/arm-none-eabi/13.3.1/thumb/v7-m/nofp/crtbegin.o
                0x0800a7ec                        PROVIDE (__init_array_end = .)
                0x0800a7ec                        . = ALIGN (0x4)

.fini_array     0x0800a7ec        0x4
                0x0800a7ec                        . = ALIGN (0x4)
                0x0800a7ec                        PROVIDE (__fini_array_start = .)
 *(SORT_BY_NAME(.fini_array.*))
 *(.fini_array*)
 .fini_array    0x0800a7ec        0x4 C:/ENVIRO~1/ARM-NO~1/133167~1.3RE/bin/../lib/gcc/arm-none-eabi/13.3.1/thumb/v7-m/nofp/crtbegin.o
                0x0800a7f0                        PROVIDE (__fini_array_end = .)
                0x0800a7f0                        . = ALIGN (0x4)
                0x0800a7f0                        _sidata = LOADADDR (.data)

.rel.dyn        0x0800a7f0        0x0
 .rel.iplt      0x0800a7f0        0x0 C:/ENVIRO~1/ARM-NO~1/133167~1.3RE/bin/../lib/gcc/arm-none-eabi/13.3.1/thumb/v7-m/nofp/crtbegin.o

.data           0x20000000      0x6e4 load address 0x0800a7f0
                0x20000000                        . = ALIGN (0x4)
                0x20000000                        _sdata = .
 *(.data)
 *(.data*)
 .data.SystemCoreClock
                0x20000000        0x4 CMakeFiles/project1.elf.dir/Core/Src/system_stm32f1xx.c.obj
                0x20000000                SystemCoreClock
 .data.uwTickFreq
                0x20000004        0x1 CMakeFiles/project1.elf.dir/Drivers/STM32F1xx_HAL_Driver/Src/stm32f1xx_hal.c.obj
                0x20000004                uwTickFreq
 *fill*         0x20000005        0x3 
 .data.uwTickPrio
                0x20000008        0x4 CMakeFiles/project1.elf.dir/Drivers/STM32F1xx_HAL_Driver/Src/stm32f1xx_hal.c.obj
                0x20000008                uwTickPrio
 .data.__sglue  0x2000000c        0xc C:/ENVIRO~1/ARM-NO~1/133167~1.3RE/bin/../lib/gcc/arm-none-eabi/13.3.1/thumb/v7-m/nofp\libg.a(libc_a-findfp.o)
                0x2000000c                __sglue
 .data._impure_ptr
                0x20000018        0x4 C:/ENVIRO~1/ARM-NO~1/133167~1.3RE/bin/../lib/gcc/arm-none-eabi/13.3.1/thumb/v7-m/nofp\libg.a(libc_a-impure.o)
                0x20000018                _impure_ptr
 *fill*         0x2000001c        0x4 
 .data._impure_data
                0x20000020      0x140 C:/ENVIRO~1/ARM-NO~1/133167~1.3RE/bin/../lib/gcc/arm-none-eabi/13.3.1/thumb/v7-m/nofp\libg.a(libc_a-impure.o)
                0x20000020                _impure_data
 .data.__atexit_recursive_mutex
                0x20000160        0x4 C:/ENVIRO~1/ARM-NO~1/133167~1.3RE/bin/../lib/gcc/arm-none-eabi/13.3.1/thumb/v7-m/nofp\libg.a(libc_a-__call_atexit.o)
                0x20000160                __atexit_recursive_mutex
 .data.__malloc_sbrk_base
                0x20000164        0x4 C:/ENVIRO~1/ARM-NO~1/133167~1.3RE/bin/../lib/gcc/arm-none-eabi/13.3.1/thumb/v7-m/nofp\libg.a(libc_a-mallocr.o)
                0x20000164                __malloc_sbrk_base
 .data.__malloc_trim_threshold
                0x20000168        0x4 C:/ENVIRO~1/ARM-NO~1/133167~1.3RE/bin/../lib/gcc/arm-none-eabi/13.3.1/thumb/v7-m/nofp\libg.a(libc_a-mallocr.o)
                0x20000168                __malloc_trim_threshold
 *fill*         0x2000016c        0x4 
 .data.__malloc_av_
                0x20000170      0x408 C:/ENVIRO~1/ARM-NO~1/133167~1.3RE/bin/../lib/gcc/arm-none-eabi/13.3.1/thumb/v7-m/nofp\libg.a(libc_a-mallocr.o)
                0x20000170                __malloc_av_
 .data.__global_locale
                0x20000578      0x16c C:/ENVIRO~1/ARM-NO~1/133167~1.3RE/bin/../lib/gcc/arm-none-eabi/13.3.1/thumb/v7-m/nofp\libg.a(libc_a-locale.o)
                0x20000578                __global_locale
 *(.RamFunc)
 *(.RamFunc*)
                0x200006e4                        . = ALIGN (0x4)
                0x200006e4                        _edata = .

.tm_clone_table
                0x200006e4        0x0 load address 0x0800aed4
 .tm_clone_table
                0x200006e4        0x0 C:/ENVIRO~1/ARM-NO~1/133167~1.3RE/bin/../lib/gcc/arm-none-eabi/13.3.1/thumb/v7-m/nofp/crtbegin.o
 .tm_clone_table
                0x200006e4        0x0 C:/ENVIRO~1/ARM-NO~1/133167~1.3RE/bin/../lib/gcc/arm-none-eabi/13.3.1/thumb/v7-m/nofp/crtend.o

.igot.plt       0x200006e4        0x0 load address 0x0800aed4
 .igot.plt      0x200006e4        0x0 C:/ENVIRO~1/ARM-NO~1/133167~1.3RE/bin/../lib/gcc/arm-none-eabi/13.3.1/thumb/v7-m/nofp/crtbegin.o
                0x200006e4                        . = ALIGN (0x4)

.bss            0x200006e8      0x8a4 load address 0x0800aed4
                0x200006e8                        _sbss = .
                0x200006e8                        __bss_start__ = _sbss
 *(.bss)
 *(.bss*)
 .bss.completed.1
                0x200006e8        0x1 C:/ENVIRO~1/ARM-NO~1/133167~1.3RE/bin/../lib/gcc/arm-none-eabi/13.3.1/thumb/v7-m/nofp/crtbegin.o
 *fill*         0x200006e9        0x3 
 .bss.object.0  0x200006ec       0x18 C:/ENVIRO~1/ARM-NO~1/133167~1.3RE/bin/../lib/gcc/arm-none-eabi/13.3.1/thumb/v7-m/nofp/crtbegin.o
 .bss.OLED_DisplayBuf
                0x20000704      0x400 CMakeFiles/project1.elf.dir/Core/Src/OLED.c.obj
                0x20000704                OLED_DisplayBuf
 .bss.hadc1     0x20000b04       0x30 CMakeFiles/project1.elf.dir/Core/Src/adc.c.obj
                0x20000b04                hadc1
 .bss.ProtectState
                0x20000b34        0x1 CMakeFiles/project1.elf.dir/Core/Src/main.c.obj
                0x20000b34                ProtectState
 .bss.BuckState
                0x20000b35        0x1 CMakeFiles/project1.elf.dir/Core/Src/main.c.obj
                0x20000b35                BuckState
 *fill*         0x20000b36        0x2 
 .bss.value     0x20000b38        0x4 CMakeFiles/project1.elf.dir/Core/Src/main.c.obj
                0x20000b38                value
 .bss.CurrentPWM
                0x20000b3c        0x4 CMakeFiles/project1.elf.dir/Core/Src/main.c.obj
                0x20000b3c                CurrentPWM
 .bss.CurrentVol
                0x20000b40        0x4 CMakeFiles/project1.elf.dir/Core/Src/main.c.obj
                0x20000b40                CurrentVol
 .bss.TargetVol
                0x20000b44        0x4 CMakeFiles/project1.elf.dir/Core/Src/main.c.obj
                0x20000b44                TargetVol
 .bss.str5      0x20000b48       0x10 CMakeFiles/project1.elf.dir/Core/Src/main.c.obj
                0x20000b48                str5
 .bss.str4      0x20000b58       0x10 CMakeFiles/project1.elf.dir/Core/Src/main.c.obj
                0x20000b58                str4
 .bss.str3      0x20000b68       0x10 CMakeFiles/project1.elf.dir/Core/Src/main.c.obj
                0x20000b68                str3
 .bss.str2      0x20000b78       0x10 CMakeFiles/project1.elf.dir/Core/Src/main.c.obj
                0x20000b78                str2
 .bss.str1      0x20000b88       0x10 CMakeFiles/project1.elf.dir/Core/Src/main.c.obj
                0x20000b88                str1
 .bss.PID_data  0x20000b98       0x48 CMakeFiles/project1.elf.dir/Core/Src/main.c.obj
                0x20000b98                PID_data
 .bss.__sbrk_heap_end
                0x20000be0        0x4 CMakeFiles/project1.elf.dir/Core/Src/sysmem.c.obj
 .bss.htim2     0x20000be4       0x48 CMakeFiles/project1.elf.dir/Core/Src/tim.c.obj
                0x20000be4                htim2
 .bss.htim1     0x20000c2c       0x48 CMakeFiles/project1.elf.dir/Core/Src/tim.c.obj
                0x20000c2c                htim1
 .bss.uwTick    0x20000c74        0x4 CMakeFiles/project1.elf.dir/Drivers/STM32F1xx_HAL_Driver/Src/stm32f1xx_hal.c.obj
                0x20000c74                uwTick
 .bss.__sf      0x20000c78      0x138 C:/ENVIRO~1/ARM-NO~1/133167~1.3RE/bin/../lib/gcc/arm-none-eabi/13.3.1/thumb/v7-m/nofp\libg.a(libc_a-findfp.o)
                0x20000c78                __sf
 .bss.__stdio_exit_handler
                0x20000db0        0x4 C:/ENVIRO~1/ARM-NO~1/133167~1.3RE/bin/../lib/gcc/arm-none-eabi/13.3.1/thumb/v7-m/nofp\libg.a(libc_a-findfp.o)
                0x20000db0                __stdio_exit_handler
 .bss.errno     0x20000db4        0x4 C:/ENVIRO~1/ARM-NO~1/133167~1.3RE/bin/../lib/gcc/arm-none-eabi/13.3.1/thumb/v7-m/nofp\libg.a(libc_a-reent.o)
                0x20000db4                errno
 .bss.__lock___malloc_recursive_mutex
                0x20000db8        0x1 C:/ENVIRO~1/ARM-NO~1/133167~1.3RE/bin/../lib/gcc/arm-none-eabi/13.3.1/thumb/v7-m/nofp\libg.a(libc_a-lock.o)
                0x20000db8                __lock___malloc_recursive_mutex
 *fill*         0x20000db9        0x3 
 .bss.__lock___atexit_recursive_mutex
                0x20000dbc        0x1 C:/ENVIRO~1/ARM-NO~1/133167~1.3RE/bin/../lib/gcc/arm-none-eabi/13.3.1/thumb/v7-m/nofp\libg.a(libc_a-lock.o)
                0x20000dbc                __lock___atexit_recursive_mutex
 *fill*         0x20000dbd        0x3 
 .bss.__lock___sfp_recursive_mutex
                0x20000dc0        0x1 C:/ENVIRO~1/ARM-NO~1/133167~1.3RE/bin/../lib/gcc/arm-none-eabi/13.3.1/thumb/v7-m/nofp\libg.a(libc_a-lock.o)
                0x20000dc0                __lock___sfp_recursive_mutex
 *fill*         0x20000dc1        0x3 
 .bss.__atexit  0x20000dc4        0x4 C:/ENVIRO~1/ARM-NO~1/133167~1.3RE/bin/../lib/gcc/arm-none-eabi/13.3.1/thumb/v7-m/nofp\libg.a(libc_a-__call_atexit.o)
                0x20000dc4                __atexit
 .bss.__malloc_current_mallinfo
                0x20000dc8       0x28 C:/ENVIRO~1/ARM-NO~1/133167~1.3RE/bin/../lib/gcc/arm-none-eabi/13.3.1/thumb/v7-m/nofp\libg.a(libc_a-mallocr.o)
                0x20000dc8                __malloc_current_mallinfo
 .bss.__malloc_max_total_mem
                0x20000df0        0x4 C:/ENVIRO~1/ARM-NO~1/133167~1.3RE/bin/../lib/gcc/arm-none-eabi/13.3.1/thumb/v7-m/nofp\libg.a(libc_a-mallocr.o)
                0x20000df0                __malloc_max_total_mem
 .bss.__malloc_max_sbrked_mem
                0x20000df4        0x4 C:/ENVIRO~1/ARM-NO~1/133167~1.3RE/bin/../lib/gcc/arm-none-eabi/13.3.1/thumb/v7-m/nofp\libg.a(libc_a-mallocr.o)
                0x20000df4                __malloc_max_sbrked_mem
 .bss.__malloc_top_pad
                0x20000df8        0x4 C:/ENVIRO~1/ARM-NO~1/133167~1.3RE/bin/../lib/gcc/arm-none-eabi/13.3.1/thumb/v7-m/nofp\libg.a(libc_a-mallocr.o)
                0x20000df8                __malloc_top_pad
 .bss.__atexit0
                0x20000dfc      0x190 C:/ENVIRO~1/ARM-NO~1/133167~1.3RE/bin/../lib/gcc/arm-none-eabi/13.3.1/thumb/v7-m/nofp\libg.a(libc_a-__atexit.o)
                0x20000dfc                __atexit0
 *(COMMON)
                0x20000f8c                        . = ALIGN (0x4)
                0x20000f8c                        _ebss = .
                0x20000f8c                        __bss_end__ = _ebss

._user_heap_stack
                0x20000f8c      0x604 load address 0x0800aed4
                0x20000f90                        . = ALIGN (0x8)
 *fill*         0x20000f8c        0x4 
                [!provide]                        PROVIDE (end = .)
                0x20000f90                        PROVIDE (_end = .)
                0x20001190                        . = (. + _Min_Heap_Size)
 *fill*         0x20000f90      0x200 
                0x20001590                        . = (. + _Min_Stack_Size)
 *fill*         0x20001190      0x400 
                0x20001590                        . = ALIGN (0x8)

/DISCARD/
 libc.a(*)
 libm.a(*)
 libgcc.a(*)

.ARM.attributes
                0x00000000       0x29
 *(.ARM.attributes)
 .ARM.attributes
                0x00000000       0x1d C:/ENVIRO~1/ARM-NO~1/133167~1.3RE/bin/../lib/gcc/arm-none-eabi/13.3.1/thumb/v7-m/nofp/crti.o
 .ARM.attributes
                0x0000001d       0x2d C:/ENVIRO~1/ARM-NO~1/133167~1.3RE/bin/../lib/gcc/arm-none-eabi/13.3.1/thumb/v7-m/nofp/crtbegin.o
 .ARM.attributes
                0x0000004a       0x2d CMakeFiles/project1.elf.dir/Core/Src/OLED.c.obj
 .ARM.attributes
                0x00000077       0x2d CMakeFiles/project1.elf.dir/Core/Src/OLED_Data.c.obj
 .ARM.attributes
                0x000000a4       0x2d CMakeFiles/project1.elf.dir/Core/Src/adc.c.obj
 .ARM.attributes
                0x000000d1       0x2d CMakeFiles/project1.elf.dir/Core/Src/gpio.c.obj
 .ARM.attributes
                0x000000fe       0x2d CMakeFiles/project1.elf.dir/Core/Src/main.c.obj
 .ARM.attributes
                0x0000012b       0x2d CMakeFiles/project1.elf.dir/Core/Src/stm32f1xx_hal_msp.c.obj
 .ARM.attributes
                0x00000158       0x2d CMakeFiles/project1.elf.dir/Core/Src/stm32f1xx_it.c.obj
 .ARM.attributes
                0x00000185       0x2d CMakeFiles/project1.elf.dir/Core/Src/syscalls.c.obj
 .ARM.attributes
                0x000001b2       0x2d CMakeFiles/project1.elf.dir/Core/Src/sysmem.c.obj
 .ARM.attributes
                0x000001df       0x2d CMakeFiles/project1.elf.dir/Core/Src/system_stm32f1xx.c.obj
 .ARM.attributes
                0x0000020c       0x2d CMakeFiles/project1.elf.dir/Core/Src/tim.c.obj
 .ARM.attributes
                0x00000239       0x21 CMakeFiles/project1.elf.dir/Core/Startup/startup_stm32f103c8tx.s.obj
 .ARM.attributes
                0x0000025a       0x2d CMakeFiles/project1.elf.dir/Drivers/STM32F1xx_HAL_Driver/Src/stm32f1xx_hal.c.obj
 .ARM.attributes
                0x00000287       0x2d CMakeFiles/project1.elf.dir/Drivers/STM32F1xx_HAL_Driver/Src/stm32f1xx_hal_adc.c.obj
 .ARM.attributes
                0x000002b4       0x2d CMakeFiles/project1.elf.dir/Drivers/STM32F1xx_HAL_Driver/Src/stm32f1xx_hal_cortex.c.obj
 .ARM.attributes
                0x000002e1       0x2d CMakeFiles/project1.elf.dir/Drivers/STM32F1xx_HAL_Driver/Src/stm32f1xx_hal_gpio.c.obj
 .ARM.attributes
                0x0000030e       0x2d CMakeFiles/project1.elf.dir/Drivers/STM32F1xx_HAL_Driver/Src/stm32f1xx_hal_rcc.c.obj
 .ARM.attributes
                0x0000033b       0x2d CMakeFiles/project1.elf.dir/Drivers/STM32F1xx_HAL_Driver/Src/stm32f1xx_hal_rcc_ex.c.obj
 .ARM.attributes
                0x00000368       0x2d CMakeFiles/project1.elf.dir/Drivers/STM32F1xx_HAL_Driver/Src/stm32f1xx_hal_tim.c.obj
 .ARM.attributes
                0x00000395       0x2d CMakeFiles/project1.elf.dir/Drivers/STM32F1xx_HAL_Driver/Src/stm32f1xx_hal_tim_ex.c.obj
 .ARM.attributes
                0x000003c2       0x1d C:/ENVIRO~1/ARM-NO~1/133167~1.3RE/bin/../lib/gcc/arm-none-eabi/13.3.1/thumb/v7-m/nofp\libgcc.a(_arm_addsubdf3.o)
 .ARM.attributes
                0x000003df       0x1d C:/ENVIRO~1/ARM-NO~1/133167~1.3RE/bin/../lib/gcc/arm-none-eabi/13.3.1/thumb/v7-m/nofp\libgcc.a(_arm_muldivdf3.o)
 .ARM.attributes
                0x000003fc       0x1d C:/ENVIRO~1/ARM-NO~1/133167~1.3RE/bin/../lib/gcc/arm-none-eabi/13.3.1/thumb/v7-m/nofp\libgcc.a(_arm_cmpdf2.o)
 .ARM.attributes
                0x00000419       0x1d C:/ENVIRO~1/ARM-NO~1/133167~1.3RE/bin/../lib/gcc/arm-none-eabi/13.3.1/thumb/v7-m/nofp\libgcc.a(_arm_fixdfsi.o)
 .ARM.attributes
                0x00000436       0x1d C:/ENVIRO~1/ARM-NO~1/133167~1.3RE/bin/../lib/gcc/arm-none-eabi/13.3.1/thumb/v7-m/nofp\libgcc.a(_arm_truncdfsf2.o)
 .ARM.attributes
                0x00000453       0x1d C:/ENVIRO~1/ARM-NO~1/133167~1.3RE/bin/../lib/gcc/arm-none-eabi/13.3.1/thumb/v7-m/nofp\libgcc.a(_arm_addsubsf3.o)
 .ARM.attributes
                0x00000470       0x1d C:/ENVIRO~1/ARM-NO~1/133167~1.3RE/bin/../lib/gcc/arm-none-eabi/13.3.1/thumb/v7-m/nofp\libgcc.a(_arm_muldivsf3.o)
 .ARM.attributes
                0x0000048d       0x1d C:/ENVIRO~1/ARM-NO~1/133167~1.3RE/bin/../lib/gcc/arm-none-eabi/13.3.1/thumb/v7-m/nofp\libgcc.a(_arm_cmpsf2.o)
 .ARM.attributes
                0x000004aa       0x1d C:/ENVIRO~1/ARM-NO~1/133167~1.3RE/bin/../lib/gcc/arm-none-eabi/13.3.1/thumb/v7-m/nofp\libgcc.a(_arm_fixunssfsi.o)
 .ARM.attributes
                0x000004c7       0x2d C:/ENVIRO~1/ARM-NO~1/133167~1.3RE/bin/../lib/gcc/arm-none-eabi/13.3.1/thumb/v7-m/nofp\libg.a(libc_a-findfp.o)
 .ARM.attributes
                0x000004f4       0x2d C:/ENVIRO~1/ARM-NO~1/133167~1.3RE/bin/../lib/gcc/arm-none-eabi/13.3.1/thumb/v7-m/nofp\libg.a(libc_a-fwalk.o)
 .ARM.attributes
                0x00000521       0x2d C:/ENVIRO~1/ARM-NO~1/133167~1.3RE/bin/../lib/gcc/arm-none-eabi/13.3.1/thumb/v7-m/nofp\libg.a(libc_a-sprintf.o)
 .ARM.attributes
                0x0000054e       0x2d C:/ENVIRO~1/ARM-NO~1/133167~1.3RE/bin/../lib/gcc/arm-none-eabi/13.3.1/thumb/v7-m/nofp\libg.a(libc_a-stdio.o)
 .ARM.attributes
                0x0000057b       0x2d C:/ENVIRO~1/ARM-NO~1/133167~1.3RE/bin/../lib/gcc/arm-none-eabi/13.3.1/thumb/v7-m/nofp\libg.a(libc_a-memset.o)
 .ARM.attributes
                0x000005a8       0x2d C:/ENVIRO~1/ARM-NO~1/133167~1.3RE/bin/../lib/gcc/arm-none-eabi/13.3.1/thumb/v7-m/nofp\libg.a(libc_a-closer.o)
 .ARM.attributes
                0x000005d5       0x2d C:/ENVIRO~1/ARM-NO~1/133167~1.3RE/bin/../lib/gcc/arm-none-eabi/13.3.1/thumb/v7-m/nofp\libg.a(libc_a-reent.o)
 .ARM.attributes
                0x00000602       0x2d C:/ENVIRO~1/ARM-NO~1/133167~1.3RE/bin/../lib/gcc/arm-none-eabi/13.3.1/thumb/v7-m/nofp\libg.a(libc_a-impure.o)
 .ARM.attributes
                0x0000062f       0x2d C:/ENVIRO~1/ARM-NO~1/133167~1.3RE/bin/../lib/gcc/arm-none-eabi/13.3.1/thumb/v7-m/nofp\libg.a(libc_a-lseekr.o)
 .ARM.attributes
                0x0000065c       0x2d C:/ENVIRO~1/ARM-NO~1/133167~1.3RE/bin/../lib/gcc/arm-none-eabi/13.3.1/thumb/v7-m/nofp\libg.a(libc_a-readr.o)
 .ARM.attributes
                0x00000689       0x2d C:/ENVIRO~1/ARM-NO~1/133167~1.3RE/bin/../lib/gcc/arm-none-eabi/13.3.1/thumb/v7-m/nofp\libg.a(libc_a-writer.o)
 .ARM.attributes
                0x000006b6       0x2d C:/ENVIRO~1/ARM-NO~1/133167~1.3RE/bin/../lib/gcc/arm-none-eabi/13.3.1/thumb/v7-m/nofp\libg.a(libc_a-errno.o)
 .ARM.attributes
                0x000006e3       0x2d C:/ENVIRO~1/ARM-NO~1/133167~1.3RE/bin/../lib/gcc/arm-none-eabi/13.3.1/thumb/v7-m/nofp\libg.a(libc_a-init.o)
 .ARM.attributes
                0x00000710       0x2d C:/ENVIRO~1/ARM-NO~1/133167~1.3RE/bin/../lib/gcc/arm-none-eabi/13.3.1/thumb/v7-m/nofp\libg.a(libc_a-lock.o)
 .ARM.attributes
                0x0000073d       0x2d C:/ENVIRO~1/ARM-NO~1/133167~1.3RE/bin/../lib/gcc/arm-none-eabi/13.3.1/thumb/v7-m/nofp\libg.a(libc_a-__call_atexit.o)
 .ARM.attributes
                0x0000076a       0x2d C:/ENVIRO~1/ARM-NO~1/133167~1.3RE/bin/../lib/gcc/arm-none-eabi/13.3.1/thumb/v7-m/nofp\libg.a(libc_a-atexit.o)
 .ARM.attributes
                0x00000797       0x2d C:/ENVIRO~1/ARM-NO~1/133167~1.3RE/bin/../lib/gcc/arm-none-eabi/13.3.1/thumb/v7-m/nofp\libg.a(libc_a-freer.o)
 .ARM.attributes
                0x000007c4       0x2d C:/ENVIRO~1/ARM-NO~1/133167~1.3RE/bin/../lib/gcc/arm-none-eabi/13.3.1/thumb/v7-m/nofp\libg.a(libc_a-mallocr.o)
 .ARM.attributes
                0x000007f1       0x2d C:/ENVIRO~1/ARM-NO~1/133167~1.3RE/bin/../lib/gcc/arm-none-eabi/13.3.1/thumb/v7-m/nofp\libg.a(libc_a-mlock.o)
 .ARM.attributes
                0x0000081e       0x2d C:/ENVIRO~1/ARM-NO~1/133167~1.3RE/bin/../lib/gcc/arm-none-eabi/13.3.1/thumb/v7-m/nofp\libg.a(libc_a-svfprintf.o)
 .ARM.attributes
                0x0000084b       0x2d C:/ENVIRO~1/ARM-NO~1/133167~1.3RE/bin/../lib/gcc/arm-none-eabi/13.3.1/thumb/v7-m/nofp\libg.a(libc_a-ssprint_r.o)
 .ARM.attributes
                0x00000878       0x2d C:/ENVIRO~1/ARM-NO~1/133167~1.3RE/bin/../lib/gcc/arm-none-eabi/13.3.1/thumb/v7-m/nofp\libg.a(libc_a-fclose.o)
 .ARM.attributes
                0x000008a5       0x2d C:/ENVIRO~1/ARM-NO~1/133167~1.3RE/bin/../lib/gcc/arm-none-eabi/13.3.1/thumb/v7-m/nofp\libg.a(libc_a-fflush.o)
 .ARM.attributes
                0x000008d2       0x2d C:/ENVIRO~1/ARM-NO~1/133167~1.3RE/bin/../lib/gcc/arm-none-eabi/13.3.1/thumb/v7-m/nofp\libg.a(libc_a-strncpy.o)
 .ARM.attributes
                0x000008ff       0x2d C:/ENVIRO~1/ARM-NO~1/133167~1.3RE/bin/../lib/gcc/arm-none-eabi/13.3.1/thumb/v7-m/nofp\libg.a(libc_a-locale.o)
 .ARM.attributes
                0x0000092c       0x2d C:/ENVIRO~1/ARM-NO~1/133167~1.3RE/bin/../lib/gcc/arm-none-eabi/13.3.1/thumb/v7-m/nofp\libg.a(libc_a-localeconv.o)
 .ARM.attributes
                0x00000959       0x2d C:/ENVIRO~1/ARM-NO~1/133167~1.3RE/bin/../lib/gcc/arm-none-eabi/13.3.1/thumb/v7-m/nofp\libg.a(libc_a-sbrkr.o)
 .ARM.attributes
                0x00000986       0x2d C:/ENVIRO~1/ARM-NO~1/133167~1.3RE/bin/../lib/gcc/arm-none-eabi/13.3.1/thumb/v7-m/nofp\libg.a(libc_a-fini.o)
 .ARM.attributes
                0x000009b3       0x2d C:/ENVIRO~1/ARM-NO~1/133167~1.3RE/bin/../lib/gcc/arm-none-eabi/13.3.1/thumb/v7-m/nofp\libg.a(libc_a-sysconf.o)
 .ARM.attributes
                0x000009e0       0x2d C:/ENVIRO~1/ARM-NO~1/133167~1.3RE/bin/../lib/gcc/arm-none-eabi/13.3.1/thumb/v7-m/nofp\libg.a(libc_a-memchr-stub.o)
 .ARM.attributes
                0x00000a0d       0x2d C:/ENVIRO~1/ARM-NO~1/133167~1.3RE/bin/../lib/gcc/arm-none-eabi/13.3.1/thumb/v7-m/nofp\libg.a(libc_a-strlen-stub.o)
 .ARM.attributes
                0x00000a3a       0x2d C:/ENVIRO~1/ARM-NO~1/133167~1.3RE/bin/../lib/gcc/arm-none-eabi/13.3.1/thumb/v7-m/nofp\libg.a(libm_a-s_frexp.o)
 .ARM.attributes
                0x00000a67       0x2d C:/ENVIRO~1/ARM-NO~1/133167~1.3RE/bin/../lib/gcc/arm-none-eabi/13.3.1/thumb/v7-m/nofp\libg.a(libc_a-__atexit.o)
 .ARM.attributes
                0x00000a94       0x2d C:/ENVIRO~1/ARM-NO~1/133167~1.3RE/bin/../lib/gcc/arm-none-eabi/13.3.1/thumb/v7-m/nofp\libg.a(libc_a-dtoa.o)
 .ARM.attributes
                0x00000ac1       0x2d C:/ENVIRO~1/ARM-NO~1/133167~1.3RE/bin/../lib/gcc/arm-none-eabi/13.3.1/thumb/v7-m/nofp\libg.a(libc_a-mbtowc_r.o)
 .ARM.attributes
                0x00000aee       0x2d C:/ENVIRO~1/ARM-NO~1/133167~1.3RE/bin/../lib/gcc/arm-none-eabi/13.3.1/thumb/v7-m/nofp\libg.a(libc_a-mprec.o)
 .ARM.attributes
                0x00000b1b       0x2d C:/ENVIRO~1/ARM-NO~1/133167~1.3RE/bin/../lib/gcc/arm-none-eabi/13.3.1/thumb/v7-m/nofp\libg.a(libc_a-wctomb_r.o)
 .ARM.attributes
                0x00000b48       0x2d C:/ENVIRO~1/ARM-NO~1/133167~1.3RE/bin/../lib/gcc/arm-none-eabi/13.3.1/thumb/v7-m/nofp\libg.a(libc_a-wcrtomb.o)
 .ARM.attributes
                0x00000b75       0x2d C:/ENVIRO~1/ARM-NO~1/133167~1.3RE/bin/../lib/gcc/arm-none-eabi/13.3.1/thumb/v7-m/nofp\libg.a(libc_a-wcsrtombs.o)
 .ARM.attributes
                0x00000ba2       0x2d C:/ENVIRO~1/ARM-NO~1/133167~1.3RE/bin/../lib/gcc/arm-none-eabi/13.3.1/thumb/v7-m/nofp\libg.a(libc_a-ctype_.o)
 .ARM.attributes
                0x00000bcf       0x2d C:/ENVIRO~1/ARM-NO~1/133167~1.3RE/bin/../lib/gcc/arm-none-eabi/13.3.1/thumb/v7-m/nofp\libg.a(libc_a-ssputs_r.o)
 .ARM.attributes
                0x00000bfc       0x2d C:/ENVIRO~1/ARM-NO~1/133167~1.3RE/bin/../lib/gcc/arm-none-eabi/13.3.1/thumb/v7-m/nofp\libg.a(libc_a-memmove.o)
 .ARM.attributes
                0x00000c29       0x1b C:/ENVIRO~1/ARM-NO~1/133167~1.3RE/bin/../lib/gcc/arm-none-eabi/13.3.1/thumb/v7-m/nofp\libg.a(libc_a-memcpy.o)
 .ARM.attributes
                0x00000c44       0x2d C:/ENVIRO~1/ARM-NO~1/133167~1.3RE/bin/../lib/gcc/arm-none-eabi/13.3.1/thumb/v7-m/nofp\libg.a(libc_a-assert.o)
 .ARM.attributes
                0x00000c71       0x2d C:/ENVIRO~1/ARM-NO~1/133167~1.3RE/bin/../lib/gcc/arm-none-eabi/13.3.1/thumb/v7-m/nofp\libg.a(libc_a-callocr.o)
 .ARM.attributes
                0x00000c9e       0x2d C:/ENVIRO~1/ARM-NO~1/133167~1.3RE/bin/../lib/gcc/arm-none-eabi/13.3.1/thumb/v7-m/nofp\libg.a(libc_a-reallocr.o)
 .ARM.attributes
                0x00000ccb       0x2d C:/ENVIRO~1/ARM-NO~1/133167~1.3RE/bin/../lib/gcc/arm-none-eabi/13.3.1/thumb/v7-m/nofp\libg.a(libc_a-wcsnrtombs.o)
 .ARM.attributes
                0x00000cf8       0x2d C:/ENVIRO~1/ARM-NO~1/133167~1.3RE/bin/../lib/gcc/arm-none-eabi/13.3.1/thumb/v7-m/nofp\libg.a(libc_a-fiprintf.o)
 .ARM.attributes
                0x00000d25       0x2d C:/ENVIRO~1/ARM-NO~1/133167~1.3RE/bin/../lib/gcc/arm-none-eabi/13.3.1/thumb/v7-m/nofp\libg.a(libc_a-vfiprintf.o)
 .ARM.attributes
                0x00000d52       0x2d C:/ENVIRO~1/ARM-NO~1/133167~1.3RE/bin/../lib/gcc/arm-none-eabi/13.3.1/thumb/v7-m/nofp\libg.a(libc_a-sprint_r.o)
 .ARM.attributes
                0x00000d7f       0x2d C:/ENVIRO~1/ARM-NO~1/133167~1.3RE/bin/../lib/gcc/arm-none-eabi/13.3.1/thumb/v7-m/nofp\libg.a(libc_a-fvwrite.o)
 .ARM.attributes
                0x00000dac       0x2d C:/ENVIRO~1/ARM-NO~1/133167~1.3RE/bin/../lib/gcc/arm-none-eabi/13.3.1/thumb/v7-m/nofp\libg.a(libc_a-wsetup.o)
 .ARM.attributes
                0x00000dd9       0x2d C:/ENVIRO~1/ARM-NO~1/133167~1.3RE/bin/../lib/gcc/arm-none-eabi/13.3.1/thumb/v7-m/nofp\libg.a(libc_a-abort.o)
 .ARM.attributes
                0x00000e06       0x2d C:/ENVIRO~1/ARM-NO~1/133167~1.3RE/bin/../lib/gcc/arm-none-eabi/13.3.1/thumb/v7-m/nofp\libg.a(libc_a-makebuf.o)
 .ARM.attributes
                0x00000e33       0x2d C:/ENVIRO~1/ARM-NO~1/133167~1.3RE/bin/../lib/gcc/arm-none-eabi/13.3.1/thumb/v7-m/nofp\libg.a(libc_a-signal.o)
 .ARM.attributes
                0x00000e60       0x2d C:/ENVIRO~1/ARM-NO~1/133167~1.3RE/bin/../lib/gcc/arm-none-eabi/13.3.1/thumb/v7-m/nofp\libg.a(libc_a-fstatr.o)
 .ARM.attributes
                0x00000e8d       0x2d C:/ENVIRO~1/ARM-NO~1/133167~1.3RE/bin/../lib/gcc/arm-none-eabi/13.3.1/thumb/v7-m/nofp\libg.a(libc_a-isattyr.o)
 .ARM.attributes
                0x00000eba       0x2d C:/ENVIRO~1/ARM-NO~1/133167~1.3RE/bin/../lib/gcc/arm-none-eabi/13.3.1/thumb/v7-m/nofp\libg.a(libc_a-signalr.o)
 .ARM.attributes
                0x00000ee7       0x1d C:/ENVIRO~1/ARM-NO~1/133167~1.3RE/bin/../lib/gcc/arm-none-eabi/13.3.1/thumb/v7-m/nofp\libgcc.a(_arm_unorddf2.o)
 .ARM.attributes
                0x00000f04       0x2d C:/ENVIRO~1/ARM-NO~1/133167~1.3RE/bin/../lib/gcc/arm-none-eabi/13.3.1/thumb/v7-m/nofp/crtend.o
 .ARM.attributes
                0x00000f31       0x1d C:/ENVIRO~1/ARM-NO~1/133167~1.3RE/bin/../lib/gcc/arm-none-eabi/13.3.1/thumb/v7-m/nofp/crtn.o
OUTPUT(project1.elf elf32-littlearm)
LOAD linker stubs
LOAD C:/ENVIRO~1/ARM-NO~1/133167~1.3RE/bin/../lib/gcc/arm-none-eabi/13.3.1/thumb/v7-m/nofp\libc.a
LOAD C:/ENVIRO~1/ARM-NO~1/133167~1.3RE/bin/../lib/gcc/arm-none-eabi/13.3.1/thumb/v7-m/nofp\libm.a
LOAD C:/ENVIRO~1/ARM-NO~1/133167~1.3RE/bin/../lib/gcc/arm-none-eabi/13.3.1/thumb/v7-m/nofp\libgcc.a

.debug_info     0x00000000     0xfc56
 .debug_info    0x00000000     0x28b0 CMakeFiles/project1.elf.dir/Core/Src/OLED.c.obj
 .debug_info    0x000028b0      0x1f8 CMakeFiles/project1.elf.dir/Core/Src/OLED_Data.c.obj
 .debug_info    0x00002aa8      0x839 CMakeFiles/project1.elf.dir/Core/Src/adc.c.obj
 .debug_info    0x000032e1      0x3b8 CMakeFiles/project1.elf.dir/Core/Src/gpio.c.obj
 .debug_info    0x00003699     0x1515 CMakeFiles/project1.elf.dir/Core/Src/main.c.obj
 .debug_info    0x00004bae      0x1f4 CMakeFiles/project1.elf.dir/Core/Src/stm32f1xx_hal_msp.c.obj
 .debug_info    0x00004da2      0x6b9 CMakeFiles/project1.elf.dir/Core/Src/stm32f1xx_it.c.obj
 .debug_info    0x0000545b      0x789 CMakeFiles/project1.elf.dir/Core/Src/syscalls.c.obj
 .debug_info    0x00005be4      0x171 CMakeFiles/project1.elf.dir/Core/Src/sysmem.c.obj
 .debug_info    0x00005d55      0x22d CMakeFiles/project1.elf.dir/Core/Src/system_stm32f1xx.c.obj
 .debug_info    0x00005f82      0xeaa CMakeFiles/project1.elf.dir/Core/Src/tim.c.obj
 .debug_info    0x00006e2c       0x30 CMakeFiles/project1.elf.dir/Core/Startup/startup_stm32f103c8tx.s.obj
 .debug_info    0x00006e5c      0x7a2 CMakeFiles/project1.elf.dir/Drivers/STM32F1xx_HAL_Driver/Src/stm32f1xx_hal.c.obj
 .debug_info    0x000075fe      0xed9 CMakeFiles/project1.elf.dir/Drivers/STM32F1xx_HAL_Driver/Src/stm32f1xx_hal_adc.c.obj
 .debug_info    0x000084d7      0xcd9 CMakeFiles/project1.elf.dir/Drivers/STM32F1xx_HAL_Driver/Src/stm32f1xx_hal_cortex.c.obj
 .debug_info    0x000091b0      0x604 CMakeFiles/project1.elf.dir/Drivers/STM32F1xx_HAL_Driver/Src/stm32f1xx_hal_gpio.c.obj
 .debug_info    0x000097b4      0x9c7 CMakeFiles/project1.elf.dir/Drivers/STM32F1xx_HAL_Driver/Src/stm32f1xx_hal_rcc.c.obj
 .debug_info    0x0000a17b      0x420 CMakeFiles/project1.elf.dir/Drivers/STM32F1xx_HAL_Driver/Src/stm32f1xx_hal_rcc_ex.c.obj
 .debug_info    0x0000a59b     0x3c0f CMakeFiles/project1.elf.dir/Drivers/STM32F1xx_HAL_Driver/Src/stm32f1xx_hal_tim.c.obj
 .debug_info    0x0000e1aa     0x1aac CMakeFiles/project1.elf.dir/Drivers/STM32F1xx_HAL_Driver/Src/stm32f1xx_hal_tim_ex.c.obj

.debug_abbrev   0x00000000     0x261d
 .debug_abbrev  0x00000000      0x30d CMakeFiles/project1.elf.dir/Core/Src/OLED.c.obj
 .debug_abbrev  0x0000030d       0xad CMakeFiles/project1.elf.dir/Core/Src/OLED_Data.c.obj
 .debug_abbrev  0x000003ba      0x1ff CMakeFiles/project1.elf.dir/Core/Src/adc.c.obj
 .debug_abbrev  0x000005b9      0x151 CMakeFiles/project1.elf.dir/Core/Src/gpio.c.obj
 .debug_abbrev  0x0000070a      0x2cb CMakeFiles/project1.elf.dir/Core/Src/main.c.obj
 .debug_abbrev  0x000009d5       0xed CMakeFiles/project1.elf.dir/Core/Src/stm32f1xx_hal_msp.c.obj
 .debug_abbrev  0x00000ac2      0x19a CMakeFiles/project1.elf.dir/Core/Src/stm32f1xx_it.c.obj
 .debug_abbrev  0x00000c5c      0x1c1 CMakeFiles/project1.elf.dir/Core/Src/syscalls.c.obj
 .debug_abbrev  0x00000e1d       0xea CMakeFiles/project1.elf.dir/Core/Src/sysmem.c.obj
 .debug_abbrev  0x00000f07      0x143 CMakeFiles/project1.elf.dir/Core/Src/system_stm32f1xx.c.obj
 .debug_abbrev  0x0000104a      0x276 CMakeFiles/project1.elf.dir/Core/Src/tim.c.obj
 .debug_abbrev  0x000012c0       0x24 CMakeFiles/project1.elf.dir/Core/Startup/startup_stm32f103c8tx.s.obj
 .debug_abbrev  0x000012e4      0x22d CMakeFiles/project1.elf.dir/Drivers/STM32F1xx_HAL_Driver/Src/stm32f1xx_hal.c.obj
 .debug_abbrev  0x00001511      0x252 CMakeFiles/project1.elf.dir/Drivers/STM32F1xx_HAL_Driver/Src/stm32f1xx_hal_adc.c.obj
 .debug_abbrev  0x00001763      0x36d CMakeFiles/project1.elf.dir/Drivers/STM32F1xx_HAL_Driver/Src/stm32f1xx_hal_cortex.c.obj
 .debug_abbrev  0x00001ad0      0x1f7 CMakeFiles/project1.elf.dir/Drivers/STM32F1xx_HAL_Driver/Src/stm32f1xx_hal_gpio.c.obj
 .debug_abbrev  0x00001cc7      0x2a0 CMakeFiles/project1.elf.dir/Drivers/STM32F1xx_HAL_Driver/Src/stm32f1xx_hal_rcc.c.obj
 .debug_abbrev  0x00001f67      0x1d8 CMakeFiles/project1.elf.dir/Drivers/STM32F1xx_HAL_Driver/Src/stm32f1xx_hal_rcc_ex.c.obj
 .debug_abbrev  0x0000213f      0x270 CMakeFiles/project1.elf.dir/Drivers/STM32F1xx_HAL_Driver/Src/stm32f1xx_hal_tim.c.obj
 .debug_abbrev  0x000023af      0x26e CMakeFiles/project1.elf.dir/Drivers/STM32F1xx_HAL_Driver/Src/stm32f1xx_hal_tim_ex.c.obj

.debug_loclists
                0x00000000     0x8471
 .debug_loclists
                0x00000000     0x1bc4 CMakeFiles/project1.elf.dir/Core/Src/OLED.c.obj
 .debug_loclists
                0x00001bc4       0x74 CMakeFiles/project1.elf.dir/Core/Src/adc.c.obj
 .debug_loclists
                0x00001c38       0x41 CMakeFiles/project1.elf.dir/Core/Src/main.c.obj
 .debug_loclists
                0x00001c79       0x17 CMakeFiles/project1.elf.dir/Core/Src/stm32f1xx_hal_msp.c.obj
 .debug_loclists
                0x00001c90      0x2cd CMakeFiles/project1.elf.dir/Core/Src/syscalls.c.obj
 .debug_loclists
                0x00001f5d       0x52 CMakeFiles/project1.elf.dir/Core/Src/sysmem.c.obj
 .debug_loclists
                0x00001faf       0xb7 CMakeFiles/project1.elf.dir/Core/Src/system_stm32f1xx.c.obj
 .debug_loclists
                0x00002066       0x91 CMakeFiles/project1.elf.dir/Core/Src/tim.c.obj
 .debug_loclists
                0x000020f7       0xe1 CMakeFiles/project1.elf.dir/Drivers/STM32F1xx_HAL_Driver/Src/stm32f1xx_hal.c.obj
 .debug_loclists
                0x000021d8      0x7c5 CMakeFiles/project1.elf.dir/Drivers/STM32F1xx_HAL_Driver/Src/stm32f1xx_hal_adc.c.obj
 .debug_loclists
                0x0000299d      0x530 CMakeFiles/project1.elf.dir/Drivers/STM32F1xx_HAL_Driver/Src/stm32f1xx_hal_cortex.c.obj
 .debug_loclists
                0x00002ecd      0x318 CMakeFiles/project1.elf.dir/Drivers/STM32F1xx_HAL_Driver/Src/stm32f1xx_hal_gpio.c.obj
 .debug_loclists
                0x000031e5      0x42e CMakeFiles/project1.elf.dir/Drivers/STM32F1xx_HAL_Driver/Src/stm32f1xx_hal_rcc.c.obj
 .debug_loclists
                0x00003613      0x2eb CMakeFiles/project1.elf.dir/Drivers/STM32F1xx_HAL_Driver/Src/stm32f1xx_hal_rcc_ex.c.obj
 .debug_loclists
                0x000038fe     0x37db CMakeFiles/project1.elf.dir/Drivers/STM32F1xx_HAL_Driver/Src/stm32f1xx_hal_tim.c.obj
 .debug_loclists
                0x000070d9     0x1398 CMakeFiles/project1.elf.dir/Drivers/STM32F1xx_HAL_Driver/Src/stm32f1xx_hal_tim_ex.c.obj

.debug_aranges  0x00000000      0xcb0
 .debug_aranges
                0x00000000      0x140 CMakeFiles/project1.elf.dir/Core/Src/OLED.c.obj
 .debug_aranges
                0x00000140       0x18 CMakeFiles/project1.elf.dir/Core/Src/OLED_Data.c.obj
 .debug_aranges
                0x00000158       0x30 CMakeFiles/project1.elf.dir/Core/Src/adc.c.obj
 .debug_aranges
                0x00000188       0x20 CMakeFiles/project1.elf.dir/Core/Src/gpio.c.obj
 .debug_aranges
                0x000001a8       0x38 CMakeFiles/project1.elf.dir/Core/Src/main.c.obj
 .debug_aranges
                0x000001e0       0x20 CMakeFiles/project1.elf.dir/Core/Src/stm32f1xx_hal_msp.c.obj
 .debug_aranges
                0x00000200       0x68 CMakeFiles/project1.elf.dir/Core/Src/stm32f1xx_it.c.obj
 .debug_aranges
                0x00000268       0xa8 CMakeFiles/project1.elf.dir/Core/Src/syscalls.c.obj
 .debug_aranges
                0x00000310       0x20 CMakeFiles/project1.elf.dir/Core/Src/sysmem.c.obj
 .debug_aranges
                0x00000330       0x28 CMakeFiles/project1.elf.dir/Core/Src/system_stm32f1xx.c.obj
 .debug_aranges
                0x00000358       0x50 CMakeFiles/project1.elf.dir/Core/Src/tim.c.obj
 .debug_aranges
                0x000003a8       0x28 CMakeFiles/project1.elf.dir/Core/Startup/startup_stm32f103c8tx.s.obj
 .debug_aranges
                0x000003d0       0xe0 CMakeFiles/project1.elf.dir/Drivers/STM32F1xx_HAL_Driver/Src/stm32f1xx_hal.c.obj
 .debug_aranges
                0x000004b0       0xf0 CMakeFiles/project1.elf.dir/Drivers/STM32F1xx_HAL_Driver/Src/stm32f1xx_hal_adc.c.obj
 .debug_aranges
                0x000005a0       0xc0 CMakeFiles/project1.elf.dir/Drivers/STM32F1xx_HAL_Driver/Src/stm32f1xx_hal_cortex.c.obj
 .debug_aranges
                0x00000660       0x58 CMakeFiles/project1.elf.dir/Drivers/STM32F1xx_HAL_Driver/Src/stm32f1xx_hal_gpio.c.obj
 .debug_aranges
                0x000006b8       0x90 CMakeFiles/project1.elf.dir/Drivers/STM32F1xx_HAL_Driver/Src/stm32f1xx_hal_rcc.c.obj
 .debug_aranges
                0x00000748       0x30 CMakeFiles/project1.elf.dir/Drivers/STM32F1xx_HAL_Driver/Src/stm32f1xx_hal_rcc_ex.c.obj
 .debug_aranges
                0x00000778      0x3d0 CMakeFiles/project1.elf.dir/Drivers/STM32F1xx_HAL_Driver/Src/stm32f1xx_hal_tim.c.obj
 .debug_aranges
                0x00000b48      0x168 CMakeFiles/project1.elf.dir/Drivers/STM32F1xx_HAL_Driver/Src/stm32f1xx_hal_tim_ex.c.obj

.debug_rnglists
                0x00000000      0x98f
 .debug_rnglists
                0x00000000       0xf7 CMakeFiles/project1.elf.dir/Core/Src/OLED.c.obj
 .debug_rnglists
                0x000000f7       0x1f CMakeFiles/project1.elf.dir/Core/Src/adc.c.obj
 .debug_rnglists
                0x00000116       0x14 CMakeFiles/project1.elf.dir/Core/Src/gpio.c.obj
 .debug_rnglists
                0x0000012a       0x28 CMakeFiles/project1.elf.dir/Core/Src/main.c.obj
 .debug_rnglists
                0x00000152       0x13 CMakeFiles/project1.elf.dir/Core/Src/stm32f1xx_hal_msp.c.obj
 .debug_rnglists
                0x00000165       0x49 CMakeFiles/project1.elf.dir/Core/Src/stm32f1xx_it.c.obj
 .debug_rnglists
                0x000001ae       0x79 CMakeFiles/project1.elf.dir/Core/Src/syscalls.c.obj
 .debug_rnglists
                0x00000227       0x13 CMakeFiles/project1.elf.dir/Core/Src/sysmem.c.obj
 .debug_rnglists
                0x0000023a       0x1a CMakeFiles/project1.elf.dir/Core/Src/system_stm32f1xx.c.obj
 .debug_rnglists
                0x00000254       0x38 CMakeFiles/project1.elf.dir/Core/Src/tim.c.obj
 .debug_rnglists
                0x0000028c       0x19 CMakeFiles/project1.elf.dir/Core/Startup/startup_stm32f103c8tx.s.obj
 .debug_rnglists
                0x000002a5       0xa3 CMakeFiles/project1.elf.dir/Drivers/STM32F1xx_HAL_Driver/Src/stm32f1xx_hal.c.obj
 .debug_rnglists
                0x00000348       0xb8 CMakeFiles/project1.elf.dir/Drivers/STM32F1xx_HAL_Driver/Src/stm32f1xx_hal_adc.c.obj
 .debug_rnglists
                0x00000400       0x8b CMakeFiles/project1.elf.dir/Drivers/STM32F1xx_HAL_Driver/Src/stm32f1xx_hal_cortex.c.obj
 .debug_rnglists
                0x0000048b       0x3f CMakeFiles/project1.elf.dir/Drivers/STM32F1xx_HAL_Driver/Src/stm32f1xx_hal_gpio.c.obj
 .debug_rnglists
                0x000004ca       0x7d CMakeFiles/project1.elf.dir/Drivers/STM32F1xx_HAL_Driver/Src/stm32f1xx_hal_rcc.c.obj
 .debug_rnglists
                0x00000547       0x2f CMakeFiles/project1.elf.dir/Drivers/STM32F1xx_HAL_Driver/Src/stm32f1xx_hal_rcc_ex.c.obj
 .debug_rnglists
                0x00000576      0x2ff CMakeFiles/project1.elf.dir/Drivers/STM32F1xx_HAL_Driver/Src/stm32f1xx_hal_tim.c.obj
 .debug_rnglists